Component: ARM Compiler 6.16 Tool: armlink [5dfeaa00]

==============================================================================

Section Cross References

    startup_stm32f401xc.o(STACK) refers (Special) to heapauxi.o(.text) for __use_two_region_memory
    startup_stm32f401xc.o(HEAP) refers (Special) to heapauxi.o(.text) for __use_two_region_memory
    startup_stm32f401xc.o(RESET) refers (Special) to heapauxi.o(.text) for __use_two_region_memory
    startup_stm32f401xc.o(RESET) refers to startup_stm32f401xc.o(STACK) for __initial_sp
    startup_stm32f401xc.o(RESET) refers to startup_stm32f401xc.o(.text) for Reset_Handler
    startup_stm32f401xc.o(RESET) refers to stm32f4xx_it.o(.text.NMI_Handler) for NMI_Handler
    startup_stm32f401xc.o(RESET) refers to stm32f4xx_it.o(.text.HardFault_Handler) for HardFault_Handler
    startup_stm32f401xc.o(RESET) refers to stm32f4xx_it.o(.text.MemManage_Handler) for MemManage_Handler
    startup_stm32f401xc.o(RESET) refers to stm32f4xx_it.o(.text.BusFault_Handler) for BusFault_Handler
    startup_stm32f401xc.o(RESET) refers to stm32f4xx_it.o(.text.UsageFault_Handler) for UsageFault_Handler
    startup_stm32f401xc.o(RESET) refers to stm32f4xx_it.o(.text.SVC_Handler) for SVC_Handler
    startup_stm32f401xc.o(RESET) refers to stm32f4xx_it.o(.text.DebugMon_Handler) for DebugMon_Handler
    startup_stm32f401xc.o(RESET) refers to stm32f4xx_it.o(.text.PendSV_Handler) for PendSV_Handler
    startup_stm32f401xc.o(RESET) refers to stm32f4xx_it.o(.text.SysTick_Handler) for SysTick_Handler
    startup_stm32f401xc.o(RESET) refers to stm32f4xx_it.o(.text.ADC_IRQHandler) for ADC_IRQHandler
    startup_stm32f401xc.o(RESET) refers to stm32f4xx_it.o(.text.TIM1_TRG_COM_TIM11_IRQHandler) for TIM1_TRG_COM_TIM11_IRQHandler
    startup_stm32f401xc.o(RESET) refers to stm32f4xx_it.o(.text.DMA2_Stream0_IRQHandler) for DMA2_Stream0_IRQHandler
    startup_stm32f401xc.o(RESET) refers to stm32f4xx_it.o(.text.OTG_FS_IRQHandler) for OTG_FS_IRQHandler
    startup_stm32f401xc.o(.text) refers (Special) to heapauxi.o(.text) for __use_two_region_memory
    startup_stm32f401xc.o(.text) refers to system_stm32f4xx.o(.text.SystemInit) for SystemInit
    startup_stm32f401xc.o(.text) refers to __main.o(!!!main) for __main
    startup_stm32f401xc.o(.text) refers to startup_stm32f401xc.o(HEAP) for Heap_Mem
    startup_stm32f401xc.o(.text) refers to startup_stm32f401xc.o(STACK) for Stack_Mem
    sys.o(.ARM.exidx.text.delay_us) refers to sys.o(.text.delay_us) for [Anonymous Symbol]
    sys.o(.ARM.exidx.text.GPIO_Set) refers to sys.o(.text.GPIO_Set) for [Anonymous Symbol]
    main.o(.text.main) refers to stm32f4xx_hal.o(.text.HAL_Init) for HAL_Init
    main.o(.text.main) refers to main.o(.text.SystemClock_Config) for SystemClock_Config
    main.o(.text.main) refers to gpio.o(.text.MX_GPIO_Init) for MX_GPIO_Init
    main.o(.text.main) refers to dma.o(.text.MX_DMA_Init) for MX_DMA_Init
    main.o(.text.main) refers to usb_device.o(.text.MX_USB_DEVICE_Init) for MX_USB_DEVICE_Init
    main.o(.text.main) refers to adc.o(.text.MX_ADC1_Init) for MX_ADC1_Init
    main.o(.text.main) refers to tim.o(.text.MX_TIM11_Init) for MX_TIM11_Init
    main.o(.text.main) refers to spi.o(.text.MX_SPI1_Init) for MX_SPI1_Init
    main.o(.text.main) refers to adc.o(.bss.hadc1) for hadc1
    main.o(.text.main) refers to main.o(.bss.ADC_CONV) for ADC_CONV
    main.o(.text.main) refers to stm32f4xx_hal_adc.o(.text.HAL_ADC_Start_DMA) for HAL_ADC_Start_DMA
    main.o(.text.main) refers to tim.o(.bss.htim11) for htim11
    main.o(.text.main) refers to stm32f4xx_hal_tim.o(.text.HAL_TIM_Base_Start_IT) for HAL_TIM_Base_Start_IT
    main.o(.text.main) refers to lcd.o(.text.LCD_Init) for LCD_Init
    main.o(.text.main) refers to fun.o(.bss.fpsMs) for fpsMs
    main.o(.text.main) refers to stm32f4xx_hal_gpio.o(.text.HAL_GPIO_WritePin) for HAL_GPIO_WritePin
    main.o(.text.main) refers to stm32f4xx_hal.o(.text.HAL_GetTick) for HAL_GetTick
    main.o(.text.main) refers to main.o(.bss.tickstart) for tickstart
    main.o(.text.main) refers to fun.o(.text.Update) for Update
    main.o(.ARM.exidx.text.main) refers to main.o(.text.main) for [Anonymous Symbol]
    main.o(.text.SystemClock_Config) refers to rt_memclr_w.o(.text) for __aeabi_memclr4
    main.o(.text.SystemClock_Config) refers to stm32f4xx_hal_rcc.o(.text.HAL_RCC_OscConfig) for HAL_RCC_OscConfig
    main.o(.text.SystemClock_Config) refers to stm32f4xx_hal_rcc.o(.text.HAL_RCC_ClockConfig) for HAL_RCC_ClockConfig
    main.o(.text.SystemClock_Config) refers to main.o(.text.Error_Handler) for Error_Handler
    main.o(.ARM.exidx.text.SystemClock_Config) refers to main.o(.text.SystemClock_Config) for [Anonymous Symbol]
    main.o(.ARM.exidx.text.Error_Handler) refers to main.o(.text.Error_Handler) for [Anonymous Symbol]
    gpio.o(.text.MX_GPIO_Init) refers to stm32f4xx_hal_gpio.o(.text.HAL_GPIO_WritePin) for HAL_GPIO_WritePin
[...]
    HAL_PCD_SetupStageCallback               0x08003025   Thumb Code    18  usbd_conf.o(.text.HAL_PCD_SetupStageCallback)
    HAL_PCD_Start                            0x08003039   Thumb Code    62  stm32f4xx_hal_pcd.o(.text.HAL_PCD_Start)
    HAL_PCD_SuspendCallback                  0x08003079   Thumb Code    52  usbd_conf.o(.text.HAL_PCD_SuspendCallback)
    HAL_RCC_ClockConfig                      0x080030ad   Thumb Code   352  stm32f4xx_hal_rcc.o(.text.HAL_RCC_ClockConfig)
    HAL_RCC_GetHCLKFreq                      0x0800320d   Thumb Code    12  stm32f4xx_hal_rcc.o(.text.HAL_RCC_GetHCLKFreq)
    HAL_RCC_GetSysClockFreq                  0x08003219   Thumb Code   104  stm32f4xx_hal_rcc.o(.text.HAL_RCC_GetSysClockFreq)
    HAL_RCC_OscConfig                        0x08003281   Thumb Code   840  stm32f4xx_hal_rcc.o(.text.HAL_RCC_OscConfig)
    HAL_SPI_Init                             0x080035c9   Thumb Code   180  stm32f4xx_hal_spi.o(.text.HAL_SPI_Init)
    HAL_SPI_MspInit                          0x0800367d   Thumb Code   114  spi.o(.text.HAL_SPI_MspInit)
    HAL_SPI_Transmit                         0x080036f1   Thumb Code   380  stm32f4xx_hal_spi.o(.text.HAL_SPI_Transmit)
    HAL_SYSTICK_Config                       0x0800386d   Thumb Code     8  stm32f4xx_hal_cortex.o(.text.HAL_SYSTICK_Config)
    HAL_TIMEx_BreakCallback                  0x08003875   Thumb Code     2  stm32f4xx_hal_tim_ex.o(.text.HAL_TIMEx_BreakCallback)
    HAL_TIMEx_CommutCallback                 0x08003879   Thumb Code     2  stm32f4xx_hal_tim_ex.o(.text.HAL_TIMEx_CommutCallback)
    HAL_TIM_Base_Init                        0x0800387d   Thumb Code    90  stm32f4xx_hal_tim.o(.text.HAL_TIM_Base_Init)
    HAL_TIM_Base_MspInit                     0x080038d9   Thumb Code    72  tim.o(.text.HAL_TIM_Base_MspInit)
    HAL_TIM_Base_Start_IT                    0x08003921   Thumb Code   132  stm32f4xx_hal_tim.o(.text.HAL_TIM_Base_Start_IT)
    HAL_TIM_IC_CaptureCallback               0x080039a5   Thumb Code     2  stm32f4xx_hal_tim.o(.text.HAL_TIM_IC_CaptureCallback)
    HAL_TIM_IRQHandler                       0x080039a9   Thumb Code   362  stm32f4xx_hal_tim.o(.text.HAL_TIM_IRQHandler)
    HAL_TIM_OC_DelayElapsedCallback          0x08003b15   Thumb Code     2  stm32f4xx_hal_tim.o(.text.HAL_TIM_OC_DelayElapsedCallback)
    HAL_TIM_PWM_PulseFinishedCallback        0x08003b19   Thumb Code     2  stm32f4xx_hal_tim.o(.text.HAL_TIM_PWM_PulseFinishedCallback)
    HAL_TIM_PeriodElapsedCallback            0x08003b1d   Thumb Code    32  oled_config.o(.text.HAL_TIM_PeriodElapsedCallback)
    HAL_TIM_TriggerCallback                  0x08003b3d   Thumb Code     2  stm32f4xx_hal_tim.o(.text.HAL_TIM_TriggerCallback)
    HardFault_Handler                        0x08003b41   Thumb Code     2  stm32f4xx_it.o(.text.HardFault_Handler)
    InitGraph                                0x08003b45   Thumb Code     8  oled_basic.o(.text.InitGraph)
    Kalman_filter                            0x08003b85   Thumb Code    40  filter.o(.text.Kalman_filter)
    LCD_Init                                 0x08003bad   Thumb Code     8  lcd.o(.text.LCD_Init)
    MX_ADC1_Init                             0x08003bb5   Thumb Code   178  adc.o(.text.MX_ADC1_Init)
    MX_DMA_Init                              0x08003c69   Thumb Code    54  dma.o(.text.MX_DMA_Init)
    MX_GPIO_Init                             0x08003ca1   Thumb Code   168  gpio.o(.text.MX_GPIO_Init)
    MX_SPI1_Init                             0x08003d49   Thumb Code    66  spi.o(.text.MX_SPI1_Init)
    MX_TIM11_Init                            0x08003d8d   Thumb Code    50  tim.o(.text.MX_TIM11_Init)
    MX_USB_DEVICE_Init                       0x08003dc1   Thumb Code   110  usb_device.o(.text.MX_USB_DEVICE_Init)
    MemManage_Handler                        0x08003e31   Thumb Code     2  stm32f4xx_it.o(.text.MemManage_Handler)
    NMI_Handler                              0x08003e35   Thumb Code     2  stm32f4xx_it.o(.text.NMI_Handler)
    OLED_CLS                                 0x08003e65   Thumb Code    56  oled_driver.o(.text.OLED_CLS)
    OLED_FILL                                0x08003e9d   Thumb Code    62  oled_driver.o(.text.OLED_FILL)
    OLED_Init                                0x08003edd   Thumb Code   176  oled_driver.o(.text.OLED_Init)
    OTG_FS_IRQHandler                        0x08003f8d   Thumb Code    16  stm32f4xx_it.o(.text.OTG_FS_IRQHandler)
    OledTimeMsFunc                           0x08003f9d   Thumb Code    20  oled_config.o(.text.OledTimeMsFunc)
    PendSV_Handler                           0x0800419d   Thumb Code     2  stm32f4xx_it.o(.text.PendSV_Handler)
    SPI_Configuration                        0x080041a1   Thumb Code    82  oled_driver.o(.text.SPI_Configuration)
    SPI_WriterByte                           0x08004329   Thumb Code    52  oled_driver.o(.text.SPI_WriterByte)
    SVC_Handler                              0x0800435d   Thumb Code     2  stm32f4xx_it.o(.text.SVC_Handler)
    SetPointBuffer                           0x08004365   Thumb Code    94  oled_buffer.o(.text.SetPointBuffer)
    Show_Power                               0x080043c5   Thumb Code    72  fun.o(.text.Show_Power)
    SysTick_Handler                          0x08004461   Thumb Code     8  stm32f4xx_it.o(.text.SysTick_Handler)
    SystemClock_Config                       0x08004469   Thumb Code   164  main.o(.text.SystemClock_Config)
    SystemInit                               0x0800450d   Thumb Code    18  system_stm32f4xx.o(.text.SystemInit)
    TIM1_TRG_COM_TIM11_IRQHandler            0x08004521   Thumb Code    16  stm32f4xx_it.o(.text.TIM1_TRG_COM_TIM11_IRQHandler)
    TIM_Base_SetConfig                       0x08004531   Thumb Code   218  stm32f4xx_hal_tim.o(.text.TIM_Base_SetConfig)
    USBD_CDC_GetDeviceQualifierDescriptor    0x08004721   Thumb Code    16  usbd_cdc.o(.text.USBD_CDC_GetDeviceQualifierDescriptor)
    USBD_CDC_ReceivePacket                   0x080047f9   Thumb Code    42  usbd_cdc.o(.text.USBD_CDC_ReceivePacket)
    USBD_CDC_RegisterInterface               0x08004825   Thumb Code    14  usbd_cdc.o(.text.USBD_CDC_RegisterInterface)
    USBD_CDC_SetRxBuffer                     0x08004835   Thumb Code    18  usbd_cdc.o(.text.USBD_CDC_SetRxBuffer)
    USBD_CDC_SetTxBuffer                     0x08004849   Thumb Code    22  usbd_cdc.o(.text.USBD_CDC_SetTxBuffer)
    USBD_CDC_TransmitPacket                  0x0800496d   Thumb Code    54  usbd_cdc.o(.text.USBD_CDC_TransmitPacket)
    USBD_ClrClassConfig                      0x080049a5   Thumb Code    16  usbd_core.o(.text.USBD_ClrClassConfig)
    USBD_CtlContinueRx                       0x080049dd   Thumb Code    16  usbd_ioreq.o(.text.USBD_CtlContinueRx)
    USBD_CtlContinueSendData                 0x080049ed   Thumb Code    16  usbd_ioreq.o(.text.USBD_CtlContinueSendData)
    USBD_CtlError                            0x080049fd   Thumb Code    20  usbd_ctlreq.o(.text.USBD_CtlError)
    USBD_CtlPrepareRx                        0x08004a11   Thumb Code    26  usbd_ioreq.o(.text.USBD_CtlPrepareRx)
    USBD_CtlReceiveStatus                    0x08004a2d   Thumb Code    22  usbd_ioreq.o(.text.USBD_CtlReceiveStatus)
    USBD_CtlSendData                         0x08004a45   Thumb Code    26  usbd_ioreq.o(.text.USBD_CtlSendData)
    USBD_CtlSendStatus                       0x08004a61   Thumb Code    22  usbd_ioreq.o(.text.USBD_CtlSendStatus)
    USBD_FS_ConfigStrDescriptor              0x08004a79   Thumb Code    24  usbd_desc.o(.text.USBD_FS_ConfigStrDescriptor)
    USBD_FS_DeviceDescriptor                 0x08004a9d   Thumb Code    14  usbd_desc.o(.text.USBD_FS_DeviceDescriptor)
    USBD_FS_InterfaceStrDescriptor           0x08004aad   Thumb Code    24  usbd_desc.o(.text.USBD_FS_InterfaceStrDescriptor)
    USBD_FS_LangIDStrDescriptor              0x08004ad5   Thumb Code    14  usbd_desc.o(.text.USBD_FS_LangIDStrDescriptor)
    USBD_FS_ManufacturerStrDescriptor        0x08004ae5   Thumb Code    24  usbd_desc.o(.text.USBD_FS_ManufacturerStrDescriptor)
    USBD_FS_ProductStrDescriptor             0x08004b11   Thumb Code    24  usbd_desc.o(.text.USBD_FS_ProductStrDescriptor)
    USBD_FS_SerialStrDescriptor              0x08004b41   Thumb Code    20  usbd_desc.o(.text.USBD_FS_SerialStrDescriptor)
    USBD_GetString                           0x08004ce1   Thumb Code    68  usbd_ctlreq.o(.text.USBD_GetString)
    USBD_Get_USB_Status                      0x08004d25   Thumb Code    26  usbd_conf.o(.text.USBD_Get_USB_Status)
    USBD_Init                                0x08004d41   Thumb Code    46  usbd_core.o(.text.USBD_Init)
    USBD_LL_ClearStallEP                     0x08004d71   Thumb Code    16  usbd_conf.o(.text.USBD_LL_ClearStallEP)
    USBD_LL_CloseEP                          0x08004d81   Thumb Code    16  usbd_conf.o(.text.USBD_LL_CloseEP)
    USBD_LL_DataInStage                      0x08004d91   Thumb Code   166  usbd_core.o(.text.USBD_LL_DataInStage)
    USBD_LL_DataOutStage                     0x08004e39   Thumb Code   106  usbd_core.o(.text.USBD_LL_DataOutStage)
    USBD_LL_DevConnected                     0x08004ea5   Thumb Code     4  usbd_core.o(.text.USBD_LL_DevConnected)
    USBD_LL_DevDisconnected                  0x08004ea9   Thumb Code    24  usbd_core.o(.text.USBD_LL_DevDisconnected)
    USBD_LL_GetRxDataSize                    0x08004ec1   Thumb Code    12  usbd_conf.o(.text.USBD_LL_GetRxDataSize)
    USBD_LL_Init                             0x08004ecd   Thumb Code   110  usbd_conf.o(.text.USBD_LL_Init)
    USBD_LL_IsStallEP                        0x08004f3d   Thumb Code    32  usbd_conf.o(.text.USBD_LL_IsStallEP)
    USBD_LL_IsoINIncomplete                  0x08004f5d   Thumb Code    30  usbd_core.o(.text.USBD_LL_IsoINIncomplete)
    USBD_LL_IsoOUTIncomplete                 0x08004f7d   Thumb Code    30  usbd_core.o(.text.USBD_LL_IsoOUTIncomplete)
    USBD_LL_OpenEP                           0x08004f9d   Thumb Code    22  usbd_conf.o(.text.USBD_LL_OpenEP)
    USBD_LL_PrepareReceive                   0x08004fb5   Thumb Code    16  usbd_conf.o(.text.USBD_LL_PrepareReceive)
    USBD_LL_Reset                            0x08004fc5   Thumb Code    98  usbd_core.o(.text.USBD_LL_Reset)
    USBD_LL_Resume                           0x08005029   Thumb Code    20  usbd_core.o(.text.USBD_LL_Resume)
    USBD_LL_SOF                              0x0800503d   Thumb Code    30  usbd_core.o(.text.USBD_LL_SOF)
    USBD_LL_SetSpeed                         0x0800505d   Thumb Code     8  usbd_core.o(.text.USBD_LL_SetSpeed)
    USBD_LL_SetUSBAddress                    0x08005065   Thumb Code    16  usbd_conf.o(.text.USBD_LL_SetUSBAddress)
    USBD_LL_SetupStage                       0x08005075   Thumb Code    88  usbd_core.o(.text.USBD_LL_SetupStage)
    USBD_LL_StallEP                          0x080050cd   Thumb Code    16  usbd_conf.o(.text.USBD_LL_StallEP)
    USBD_LL_Start                            0x080050dd   Thumb Code    16  usbd_conf.o(.text.USBD_LL_Start)
    USBD_LL_Suspend                          0x080050ed   Thumb Code    20  usbd_core.o(.text.USBD_LL_Suspend)
    USBD_LL_Transmit                         0x08005101   Thumb Code    16  usbd_conf.o(.text.USBD_LL_Transmit)
    USBD_ParseSetupRequest                   0x08005111   Thumb Code    40  usbd_ctlreq.o(.text.USBD_ParseSetupRequest)
    USBD_RegisterClass                       0x08005139   Thumb Code    44  usbd_core.o(.text.USBD_RegisterClass)
    USBD_SetClassConfig                      0x080051ad   Thumb Code    18  usbd_core.o(.text.USBD_SetClassConfig)
    USBD_Start                               0x08005295   Thumb Code     8  usbd_core.o(.text.USBD_Start)
    USBD_StdDevReq                           0x0800529d   Thumb Code   110  usbd_ctlreq.o(.text.USBD_StdDevReq)
    USBD_StdEPReq                            0x0800530d   Thumb Code   310  usbd_ctlreq.o(.text.USBD_StdEPReq)
    USBD_StdItfReq                           0x08005445   Thumb Code    98  usbd_ctlreq.o(.text.USBD_StdItfReq)
    USBD_static_free                         0x080054a9   Thumb Code     2  usbd_conf.o(.text.USBD_static_free)
    USBD_static_malloc                       0x080054ad   Thumb Code    10  usbd_conf.o(.text.USBD_static_malloc)
    USB_ActivateEndpoint                     0x080054b9   Thumb Code   152  stm32f4xx_ll_usb.o(.text.USB_ActivateEndpoint)
    USB_ActivateSetup                        0x08005551   Thumb Code    32  stm32f4xx_ll_usb.o(.text.USB_ActivateSetup)
    USB_CoreInit                             0x08005571   Thumb Code   120  stm32f4xx_ll_usb.o(.text.USB_CoreInit)
    USB_DeactivateEndpoint                   0x08005635   Thumb Code   146  stm32f4xx_ll_usb.o(.text.USB_DeactivateEndpoint)
    USB_DevConnect                           0x080056c9   Thumb Code    30  stm32f4xx_ll_usb.o(.text.USB_DevConnect)
    USB_DevDisconnect                        0x080056e9   Thumb Code    30  stm32f4xx_ll_usb.o(.text.USB_DevDisconnect)
    USB_DevInit                              0x08005709   Thumb Code   350  stm32f4xx_ll_usb.o(.text.USB_DevInit)
    USB_DisableGlobalInt                     0x08005869   Thumb Code    14  stm32f4xx_ll_usb.o(.text.USB_DisableGlobalInt)
    USB_EP0StartXfer                         0x08005879   Thumb Code   250  stm32f4xx_ll_usb.o(.text.USB_EP0StartXfer)
    USB_EP0_OutStart                         0x08005975   Thumb Code    90  stm32f4xx_ll_usb.o(.text.USB_EP0_OutStart)
    USB_EPClearStall                         0x080059d1   Thumb Code    80  stm32f4xx_ll_usb.o(.text.USB_EPClearStall)
    USB_EPSetStall                           0x08005a21   Thumb Code    78  stm32f4xx_ll_usb.o(.text.USB_EPSetStall)
    USB_EPStartXfer                          0x08005a71   Thumb Code   434  stm32f4xx_ll_usb.o(.text.USB_EPStartXfer)
    USB_EnableGlobalInt                      0x08005c25   Thumb Code    14  stm32f4xx_ll_usb.o(.text.USB_EnableGlobalInt)
    USB_FlushRxFifo                          0x08005c35   Thumb Code    48  stm32f4xx_ll_usb.o(.text.USB_FlushRxFifo)
    USB_FlushTxFifo                          0x08005c65   Thumb Code    48  stm32f4xx_ll_usb.o(.text.USB_FlushTxFifo)
    USB_GetDevSpeed                          0x08005c95   Thumb Code    26  stm32f4xx_ll_usb.o(.text.USB_GetDevSpeed)
    USB_GetMode                              0x08005cb1   Thumb Code     8  stm32f4xx_ll_usb.o(.text.USB_GetMode)
    USB_ReadDevAllInEpInterrupt              0x08005cb9   Thumb Code    14  stm32f4xx_ll_usb.o(.text.USB_ReadDevAllInEpInterrupt)
    USB_ReadDevAllOutEpInterrupt             0x08005cc9   Thumb Code    14  stm32f4xx_ll_usb.o(.text.USB_ReadDevAllOutEpInterrupt)
    USB_ReadDevInEPInterrupt                 0x08005cd9   Thumb Code    36  stm32f4xx_ll_usb.o(.text.USB_ReadDevInEPInterrupt)
    USB_ReadDevOutEPInterrupt                0x08005cfd   Thumb Code    16  stm32f4xx_ll_usb.o(.text.USB_ReadDevOutEPInterrupt)
    USB_ReadInterrupts                       0x08005d0d   Thumb Code     8  stm32f4xx_ll_usb.o(.text.USB_ReadInterrupts)
    USB_ReadPacket                           0x08005d15   Thumb Code    74  stm32f4xx_ll_usb.o(.text.USB_ReadPacket)
    USB_SetCurrentMode                       0x08005d61   Thumb Code   104  stm32f4xx_ll_usb.o(.text.USB_SetCurrentMode)
    USB_SetDevAddress                        0x08005dc9   Thumb Code    34  stm32f4xx_ll_usb.o(.text.USB_SetDevAddress)
    USB_SetDevSpeed                          0x08005ded   Thumb Code    16  stm32f4xx_ll_usb.o(.text.USB_SetDevSpeed)
    USB_SetTurnaroundTime                    0x08005dfd   Thumb Code   278  stm32f4xx_ll_usb.o(.text.USB_SetTurnaroundTime)
    USB_WritePacket                          0x08005f15   Thumb Code    52  stm32f4xx_ll_usb.o(.text.USB_WritePacket)
    Update                                   0x08005f49   Thumb Code    76  fun.o(.text.Update)
    UpdateScreen                             0x08005f95   Thumb Code     8  oled_basic.o(.text.UpdateScreen)
    UpdateScreenBuffer                       0x08005f9d   Thumb Code    16  oled_config.o(.text.UpdateScreenBuffer)
    UpdateScreenDisplay                      0x08005fad   Thumb Code     8  oled_buffer.o(.text.UpdateScreenDisplay)
    UsageFault_Handler                       0x08005fb5   Thumb Code     2  stm32f4xx_it.o(.text.UsageFault_Handler)
    WaitTimeMs                               0x08005fb9   Thumb Code     8  oled_basic.o(.text.WaitTimeMs)
    WriteCmd                                 0x08005fc1   Thumb Code    66  oled_driver.o(.text.WriteCmd)
    WriteDat                                 0x08006005   Thumb Code    66  oled_driver.o(.text.WriteDat)
    low_filter                               0x080060bd   Thumb Code    40  filter.o(.text.low_filter)
    main                                     0x080060e5   Thumb Code   118  main.o(.text.main)
    oled_pow                                 0x0800615d   Thumb Code    24  oled_basic.o(.text.oled_pow)
    pgm_read_byte                            0x08006175   Thumb Code     4  oled_basic.o(.text.pgm_read_byte)
    usb_printf                               0x08006179   Thumb Code    54  usbd_cdc_if.o(.text.usb_printf)
    _btod_d2e                                0x080061af   Thumb Code    62  btod.o(CL$$btod_d2e)
    _d2e_denorm_low                          0x080061ed   Thumb Code    70  btod.o(CL$$btod_d2e_denorm_low)
    _d2e_norm_op1                            0x08006233   Thumb Code    96  btod.o(CL$$btod_d2e_norm_op1)
    __btod_div_common                        0x08006295   Thumb Code   696  btod.o(CL$$btod_div_common)
    _e2e                                     0x080065cd   Thumb Code   220  btod.o(CL$$btod_e2e)
    _btod_ediv                               0x080066a9   Thumb Code    42  btod.o(CL$$btod_ediv)
    _btod_emul                               0x080066d3   Thumb Code    42  btod.o(CL$$btod_emul)
    __btod_mult_common                       0x080066fd   Thumb Code   580  btod.o(CL$$btod_mult_common)
    __ARM_fpclassify                         0x08006941   Thumb Code    48  fpclassify.o(i.__ARM_fpclassify)
    _is_digit                                0x08006971   Thumb Code    14  __printf_wp.o(i._is_digit)
    _get_lc_numeric                          0x08006981   Thumb Code    44  lc_numeric_c.o(locale$$code)
    _get_lc_ctype                            0x080069ad   Thumb Code    44  lc_ctype_c.o(locale$$code)
    __aeabi_d2f                              0x080069d9   Thumb Code     0  d2f.o(x$fpl$d2f)
    _d2f                                     0x080069d9   Thumb Code    98  d2f.o(x$fpl$d2f)
    __aeabi_dadd                             0x08006a3d   Thumb Code     0  daddsub_clz.o(x$fpl$dadd)
    _dadd                                    0x08006a3d   Thumb Code   332  daddsub_clz.o(x$fpl$dadd)
    __aeabi_ddiv                             0x08006b8d   Thumb Code     0  ddiv.o(x$fpl$ddiv)
    _ddiv                                    0x08006b8d   Thumb Code   556  ddiv.o(x$fpl$ddiv)
    __aeabi_ui2d                             0x08006e41   Thumb Code     0  dflt_clz.o(x$fpl$dfltu)
    _dfltu                                   0x08006e41   Thumb Code    38  dflt_clz.o(x$fpl$dfltu)
    __aeabi_dmul                             0x08006e69   Thumb Code     0  dmul.o(x$fpl$dmul)
    _dmul                                    0x08006e69   Thumb Code   332  dmul.o(x$fpl$dmul)
    __fpl_dnaninf                            0x08006fbd   Thumb Code   156  dnaninf.o(x$fpl$dnaninf)
    __fpl_dretinf                            0x08007059   Thumb Code    12  dretinf.o(x$fpl$dretinf)
    __aeabi_dsub                             0x08007065   Thumb Code     0  daddsub_clz.o(x$fpl$dsub)
    _dsub                                    0x08007065   Thumb Code   472  daddsub_clz.o(x$fpl$dsub)
    __aeabi_f2d                              0x08007241   Thumb Code     0  f2d.o(x$fpl$f2d)
    _f2d                                     0x08007241   Thumb Code    86  f2d.o(x$fpl$f2d)
    __fpl_fnaninf                            0x08007297   Thumb Code   140  fnaninf.o(x$fpl$fnaninf)
    _fp_init                                 0x08007323   Thumb Code    26  fpinit.o(x$fpl$fpinit)
    __fplib_config_fpu_vfp                   0x0800733b   Thumb Code     0  fpinit.o(x$fpl$fpinit)
    __fplib_config_pureend_doubles           0x0800733b   Thumb Code     0  fpinit.o(x$fpl$fpinit)
    __fpl_fretinf                            0x0800733d   Thumb Code    10  fretinf.o(x$fpl$fretinf)
    _printf_fp_dec                           0x08007347   Thumb Code     4  printf1.o(x$fpl$printf1)
    _printf_fp_hex                           0x0800734b   Thumb Code     4  printf2.o(x$fpl$printf2)
    __I$use$fp                               0x0800734e   Number         0  usenofp.o(x$fpl$usenofp)
    AHBPrescTable                            0x0800744c   Data          16  system_stm32f4xx.o(.rodata.AHBPrescTable)
    font5x7                                  0x0800745c   Data        1280  oled_font.o(.rodata.font5x7)
    Region$$Table$$Base                      0x0800795c   Number         0  anon$$obj.o(Region$$Table)
    Region$$Table$$Limit                     0x0800797c   Number         0  anon$$obj.o(Region$$Table)
    __ctype                                  0x080079a5   Data           0  lc_ctype_c.o(locale$$data)
    FS_Desc                                  0x20000000   Data          28  usbd_desc.o(.data.FS_Desc)
    SystemCoreClock                          0x2000001c   Data           4  system_stm32f4xx.o(.data.SystemCoreClock)
    USBD_CDC                                 0x20000020   Data          56  usbd_cdc.o(.data.USBD_CDC)
    USBD_FS_DeviceDesc                       0x20000130   Data          18  usbd_desc.o(.data.USBD_FS_DeviceDesc)
    USBD_Interface_fops_FS                   0x20000144   Data          20  usbd_cdc_if.o(.data.USBD_Interface_fops_FS)
    USBD_LangIDDesc                          0x20000158   Data           4  usbd_desc.o(.data.USBD_LangIDDesc)
    USBD_StringSerial                        0x2000015c   Data          26  usbd_desc.o(.data.USBD_StringSerial)
    uwTickFreq                               0x20000178   Data           1  stm32f4xx_hal.o(.data.uwTickFreq)
    uwTickPrio                               0x2000017c   Data           4  stm32f4xx_hal.o(.data.uwTickPrio)
    __libspace_start                         0x20000180   Data          96  libspace.o(.bss)
    ADC_CONV                                 0x200001e0   Data           2  main.o(.bss.ADC_CONV)
    __temporary_stack_top$libspace           0x200001e0   Data           0  libspace.o(.bss)
    F_Overcurrent                            0x200001e2   Data           1  fun.o(.bss.F_Overcurrent)
    OledTimeMs                               0x200001e8   Data           4  oled_config.o(.bss.OledTimeMs)
    ScreenBuffer                             0x200001ec   Data        1024  oled_buffer.o(.bss.ScreenBuffer)
    TempBuffer                               0x200005ec   Data        1024  oled_buffer.o(.bss.TempBuffer)
    USBD_StrDesc                             0x200009f0   Data         512  usbd_desc.o(.bss.USBD_StrDesc)
    UserRxBufferFS                           0x20000e10   Data        1000  usbd_cdc_if.o(.bss.UserRxBufferFS)
    UserTxBufferFS                           0x200011f8   Data        1000  usbd_cdc_if.o(.bss.UserTxBufferFS)
    fpsMs                                    0x200015e2   Data           1  fun.o(.bss.fpsMs)
    fpsms                                    0x200015e3   Data           1  fun.o(.bss.fpsms)
    hUsbDeviceFS                             0x200015e4   Data         720  usb_device.o(.bss.hUsbDeviceFS)
    hadc1                                    0x200018b4   Data          72  adc.o(.bss.hadc1)
    hdma_adc1                                0x200018fc   Data          96  adc.o(.bss.hdma_adc1)
    hpcd_USB_OTG_FS                          0x2000195c   Data        1032  usbd_conf.o(.bss.hpcd_USB_OTG_FS)
    hspi1                                    0x20001d64   Data          88  spi.o(.bss.hspi1)
    htim11                                   0x20001dbc   Data          72  tim.o(.bss.htim11)
    iValue                                   0x20001e04   Data           4  fun.o(.bss.iValue)
    lastDraw                                 0x20001e08   Data           4  fun.o(.bss.lastDraw)
    low_buf1_V                               0x20001e0c   Data           8  fun.o(.bss.low_buf1_V)
    now                                      0x20001e14   Data           4  fun.o(.bss.now)
    tickstart                                0x20001e18   Data           4  main.o(.bss.tickstart)
    uValue                                   0x20001e1c   Data           4  fun.o(.bss.uValue)
    uwTick                                   0x20001e20   Data           4  stm32f4xx_hal.o(.bss.uwTick)



==============================================================================

Memory Map of the image

  Image Entry point : 0x08000195

  Load Region LR_IROM1 (Base: 0x08000000, Size: 0x00007c28, Max: 0x00040000, ABSOLUTE, COMPRESSED[0x00007b70])

    Execution Region ER_IROM1 (Exec base: 0x08000000, Load base: 0x08000000, Size: 0x00007aa8, Max: 0x00040000, ABSOLUTE)

    Exec Addr    Load Addr    Size         Type   Attr      Idx    E Section Name        Object

    0x08000000   0x08000000   0x00000194   Data   RO            3    RESET               startup_stm32f401xc.o
    0x08000194   0x08000194   0x00000008   Code   RO         3614  * !!!main             c_w.l(__main.o)
    0x0800019c   0x0800019c   0x00000034   Code   RO         4143    !!!scatter          c_w.l(__scatter.o)
    0x080001d0   0x080001d0   0x0000005a   Code   RO         4141    !!dczerorl2         c_w.l(__dczerorl2.o)
    0x0800022a   0x0800022a   0x00000002   PAD
    0x0800022c   0x0800022c   0x0000001c   Code   RO         4145    !!handler_zi        c_w.l(__scatter_zi.o)
    0x08000248   0x08000248   0x00000000   Code   RO         3802    .ARM.Collect$$_printf_percent$$00000000  c_w.l(_printf_percent.o)
    0x08000248   0x08000248   0x00000006   Code   RO         3791    .ARM.Collect$$_printf_percent$$00000001  c_w.l(_printf_n.o)
    0x0800024e   0x0800024e   0x00000006   Code   RO         3793    .ARM.Collect$$_printf_percent$$00000002  c_w.l(_printf_p.o)
    0x08000254   0x08000254   0x00000006   Code   RO         3798    .ARM.Collect$$_printf_percent$$00000003  c_w.l(_printf_f.o)
    0x0800025a   0x0800025a   0x00000006   Code   RO         3799    .ARM.Collect$$_printf_percent$$00000004  c_w.l(_printf_e.o)
    0x08000260   0x08000260   0x00000006   Code   RO         3800    .ARM.Collect$$_printf_percent$$00000005  c_w.l(_printf_g.o)
    0x08000266   0x08000266   0x00000006   Code   RO         3801    .ARM.Collect$$_printf_percent$$00000006  c_w.l(_printf_a.o)
    0x0800026c   0x0800026c   0x0000000a   Code   RO         3806    .ARM.Collect$$_printf_percent$$00000007  c_w.l(_printf_ll.o)
    0x08000276   0x08000276   0x00000006   Code   RO         3795    .ARM.Collect$$_printf_percent$$00000008  c_w.l(_printf_i.o)
    0x0800027c   0x0800027c   0x00000006   Code   RO         3796    .ARM.Collect$$_printf_percent$$00000009  c_w.l(_printf_d.o)
    0x08000282   0x08000282   0x00000006   Code   RO         3797    .ARM.Collect$$_printf_percent$$0000000A  c_w.l(_printf_u.o)
    0x08000288   0x08000288   0x00000006   Code   RO         3794    .ARM.Collect$$_printf_percent$$0000000B  c_w.l(_printf_o.o)
    0x0800028e   0x0800028e   0x00000006   Code   RO         3792    .ARM.Collect$$_printf_percent$$0000000C  c_w.l(_printf_x.o)
    0x08000294   0x08000294   0x00000006   Code   RO         3803    .ARM.Collect$$_printf_percent$$0000000D  c_w.l(_printf_lli.o)
    0x0800029a   0x0800029a   0x00000006   Code   RO         3804    .ARM.Collect$$_printf_percent$$0000000E  c_w.l(_printf_lld.o)
    0x080002a0   0x080002a0   0x00000006   Code   RO         3805    .ARM.Collect$$_printf_percent$$0000000F  c_w.l(_printf_llu.o)
    0x080002a6   0x080002a6   0x00000006   Code   RO         3810    .ARM.Collect$$_printf_percent$$00000010  c_w.l(_printf_llo.o)
    0x080002ac   0x080002ac   0x00000006   Code   RO         3811    .ARM.Collect$$_printf_percent$$00000011  c_w.l(_printf_llx.o)
    0x080002b2   0x080002b2   0x0000000a   Code   RO         3807    .ARM.Collect$$_printf_percent$$00000012  c_w.l(_printf_l.o)
    0x080002bc   0x080002bc   0x00000006   Code   RO         3789    .ARM.Collect$$_printf_percent$$00000013  c_w.l(_printf_c.o)
    0x080002c2   0x080002c2   0x00000006   Code   RO         3790    .ARM.Collect$$_printf_percent$$00000014  c_w.l(_printf_s.o)
    0x080002c8   0x080002c8   0x00000006   Code   RO         3808    .ARM.Collect$$_printf_percent$$00000015  c_w.l(_printf_lc.o)
    0x080002ce   0x080002ce   0x00000006   Code   RO         3809    .ARM.Collect$$_printf_percent$$00000016  c_w.l(_printf_ls.o)
    0x080002d4   0x080002d4   0x00000004   Code   RO         3982    .ARM.Collect$$_printf_percent$$00000017  c_w.l(_printf_percent_end.o)
    0x080002d8   0x080002d8   0x00000002   Code   RO         4052    .ARM.Collect$$libinit$$00000000  c_w.l(libinit.o)
    0x080002da   0x080002da   0x00000004   Code   RO         3812    .ARM.Collect$$libinit$$00000001  c_w.l(libinit2.o)
    0x080002de   0x080002de   0x00000000   Code   RO         3815    .ARM.Collect$$libinit$$00000004  c_w.l(libinit2.o)
    0x080002de   0x080002de   0x00000000   Code   RO         3818    .ARM.Collect$$libinit$$0000000A  c_w.l(libinit2.o)
    0x080002de   0x080002de   0x00000000   Code   RO         3820    .ARM.Collect$$libinit$$0000000C  c_w.l(libinit2.o)
    0x080002de   0x080002de   0x00000000   Code   RO         3822    .ARM.Collect$$libinit$$0000000E  c_w.l(libinit2.o)
    0x080002de   0x080002de   0x00000006   Code   RO         3823    .ARM.Collect$$libinit$$0000000F  c_w.l(libinit2.o)
    0x080002e4   0x080002e4   0x00000000   Code   RO         3825    .ARM.Collect$$libinit$$00000011  c_w.l(libinit2.o)
    0x080002e4   0x080002e4   0x0000000c   Code   RO         3826    .ARM.Collect$$libinit$$00000012  c_w.l(libinit2.o)
    0x080002f0   0x080002f0   0x00000000   Code   RO         3827    .ARM.Collect$$libinit$$00000013  c_w.l(libinit2.o)
    0x080002f0   0x080002f0   0x00000000   Code   RO         3829    .ARM.Collect$$libinit$$00000015  c_w.l(libinit2.o)
    0x080002f0   0x080002f0   0x0000000a   Code   RO         3830    .ARM.Collect$$libinit$$00000016  c_w.l(libinit2.o)
    0x080002fa   0x080002fa   0x00000000   Code   RO         3831    .ARM.Collect$$libinit$$00000017  c_w.l(libinit2.o)
    0x080002fa   0x080002fa   0x00000000   Code   RO         3833    .ARM.Collect$$libinit$$00000019  c_w.l(libinit2.o)
    0x080002fa   0x080002fa   0x00000000   Code   RO         3835    .ARM.Collect$$libinit$$0000001B  c_w.l(libinit2.o)
    0x080002fa   0x080002fa   0x00000000   Code   RO         3837    .ARM.Collect$$libinit$$0000001D  c_w.l(libinit2.o)
    0x080002fa   0x080002fa   0x00000000   Code   RO         3839    .ARM.Collect$$libinit$$0000001F  c_w.l(libinit2.o)
    0x080002fa   0x080002fa   0x00000000   Code   RO         3841    .ARM.Collect$$libinit$$00000021  c_w.l(libinit2.o)
    0x080002fa   0x080002fa   0x00000000   Code   RO         3843    .ARM.Collect$$libinit$$00000023  c_w.l(libinit2.o)
    0x080002fa   0x080002fa   0x00000000   Code   RO         3845    .ARM.Collect$$libinit$$00000025  c_w.l(libinit2.o)
    0x080002fa   0x080002fa   0x00000000   Code   RO         3849    .ARM.Collect$$libinit$$0000002C  c_w.l(libinit2.o)
    0x080002fa   0x080002fa   0x00000000   Code   RO         3851    .ARM.Collect$$libinit$$0000002E  c_w.l(libinit2.o)
    0x080002fa   0x080002fa   0x00000000   Code   RO         3853    .ARM.Collect$$libinit$$00000030  c_w.l(libinit2.o)
    0x080002fa   0x080002fa   0x00000000   Code   RO         3855    .ARM.Collect$$libinit$$00000032  c_w.l(libinit2.o)
    0x080002fa   0x080002fa   0x00000002   Code   RO         3856    .ARM.Collect$$libinit$$00000033  c_w.l(libinit2.o)
    0x080002fc   0x080002fc   0x00000002   Code   RO         4108    .ARM.Collect$$libshutdown$$00000000  c_w.l(libshutdown.o)
    0x080002fe   0x080002fe   0x00000000   Code   RO         4124    .ARM.Collect$$libshutdown$$00000002  c_w.l(libshutdown2.o)
    0x080002fe   0x080002fe   0x00000000   Code   RO         4126    .ARM.Collect$$libshutdown$$00000004  c_w.l(libshutdown2.o)
    0x080002fe   0x080002fe   0x00000000   Code   RO         4129    .ARM.Collect$$libshutdown$$00000007  c_w.l(libshutdown2.o)
    0x080002fe   0x080002fe   0x00000000   Code   RO         4132    .ARM.Collect$$libshutdown$$0000000A  c_w.l(libshutdown2.o)
    0x080002fe   0x080002fe   0x00000000   Code   RO         4134    .ARM.Collect$$libshutdown$$0000000C  c_w.l(libshutdown2.o)
    0x080002fe   0x080002fe   0x00000000   Code   RO         4137    .ARM.Collect$$libshutdown$$0000000F  c_w.l(libshutdown2.o)
    0x080002fe   0x080002fe   0x00000002   Code   RO         4138    .ARM.Collect$$libshutdown$$00000010  c_w.l(libshutdown2.o)
    0x08000300   0x08000300   0x00000000   Code   RO         3712    .ARM.Collect$$rtentry$$00000000  c_w.l(__rtentry.o)
    0x08000300   0x08000300   0x00000000   Code   RO         3944    .ARM.Collect$$rtentry$$00000002  c_w.l(__rtentry2.o)
    0x08000300   0x08000300   0x00000006   Code   RO         3956    .ARM.Collect$$rtentry$$00000004  c_w.l(__rtentry4.o)
    0x08000306   0x08000306   0x00000000   Code   RO         3946    .ARM.Collect$$rtentry$$00000009  c_w.l(__rtentry2.o)
    0x08000306   0x08000306   0x00000004   Code   RO         3947    .ARM.Collect$$rtentry$$0000000A  c_w.l(__rtentry2.o)
    0x0800030a   0x0800030a   0x00000000   Code   RO         3949    .ARM.Collect$$rtentry$$0000000C  c_w.l(__rtentry2.o)
    0x0800030a   0x0800030a   0x00000008   Code   RO         3950    .ARM.Collect$$rtentry$$0000000D  c_w.l(__rtentry2.o)
    0x08000312   0x08000312   0x00000002   Code   RO         4057    .ARM.Collect$$rtexit$$00000000  c_w.l(rtexit.o)
    0x08000314   0x08000314   0x00000000   Code   RO         4086    .ARM.Collect$$rtexit$$00000002  c_w.l(rtexit2.o)
    0x08000314   0x08000314   0x00000004   Code   RO         4087    .ARM.Collect$$rtexit$$00000003  c_w.l(rtexit2.o)
    0x08000318   0x08000318   0x00000006   Code   RO         4088    .ARM.Collect$$rtexit$$00000004  c_w.l(rtexit2.o)
    0x0800031e   0x0800031e   0x00000002   PAD
    0x08000320   0x08000320   0x00000040   Code   RO            4    .text               startup_stm32f401xc.o
    0x08000360   0x08000360   0x000000f0   Code   RO         3589    .text               c_w.l(lludivv7m.o)
    0x08000450   0x08000450   0x00000034   Code   RO         3593    .text               c_w.l(vsnprintf.o)
    0x08000484   0x08000484   0x0000004e   Code   RO         3610    .text               c_w.l(rt_memclr_w.o)
    0x080004d2   0x080004d2   0x00000006   Code   RO         3612    .text               c_w.l(heapauxi.o)
    0x080004d8   0x080004d8   0x0000004e   Code   RO         3721    .text               c_w.l(_printf_pad.o)
    0x08000526   0x08000526   0x00000024   Code   RO         3723    .text               c_w.l(_printf_truncate.o)
    0x0800054a   0x0800054a   0x00000052   Code   RO         3725    .text               c_w.l(_printf_str.o)
    0x0800059c   0x0800059c   0x00000078   Code   RO         3727    .text               c_w.l(_printf_dec.o)
    0x08000614   0x08000614   0x00000028   Code   RO         3729    .text               c_w.l(_printf_charcount.o)
    0x0800063c   0x0800063c   0x00000030   Code   RO         3731    .text               c_w.l(_printf_char_common.o)
    0x0800066c   0x0800066c   0x0000000a   Code   RO         3733    .text               c_w.l(_sputc.o)
    0x08000676   0x08000676   0x00000010   Code   RO         3735    .text               c_w.l(_snputc.o)
    0x08000686   0x08000686   0x00000002   PAD
    0x08000688   0x08000688   0x000000bc   Code   RO         3737    .text               c_w.l(_printf_wctomb.o)
    0x08000744   0x08000744   0x0000007c   Code   RO         3740    .text               c_w.l(_printf_longlong_dec.o)
    0x080007c0   0x080007c0   0x00000070   Code   RO         3746    .text               c_w.l(_printf_oct_int_ll.o)
    0x08000830   0x08000830   0x00000094   Code   RO         3766    .text               c_w.l(_printf_hex_int_ll_ptr.o)
    0x080008c4   0x080008c4   0x00000188   Code   RO         3786    .text               c_w.l(__printf_flags_ss_wp.o)
    0x08000a4c   0x08000a4c   0x0000008a   Code   RO         3965    .text               c_w.l(lludiv10.o)
    0x08000ad6   0x08000ad6   0x000000b2   Code   RO         3967    .text               c_w.l(_printf_intcommon.o)
    0x08000b88   0x08000b88   0x0000041c   Code   RO         3969    .text               c_w.l(_printf_fp_dec.o)
    0x08000fa4   0x08000fa4   0x000002fc   Code   RO         3973    .text               c_w.l(_printf_fp_hex.o)
    0x080012a0   0x080012a0   0x0000002c   Code   RO         3978    .text               c_w.l(_printf_char.o)
    0x080012cc   0x080012cc   0x0000002c   Code   RO         3980    .text               c_w.l(_printf_wchar.o)
    0x080012f8   0x080012f8   0x00000048   Code   RO         3983    .text               c_w.l(_c16rtomb.o)
    0x08001340   0x08001340   0x00000008   Code   RO         3993    .text               c_w.l(libspace.o)
    0x08001348   0x08001348   0x0000004a   Code   RO         3996    .text               c_w.l(sys_stackheap_outer.o)
    0x08001392   0x08001392   0x00000002   PAD
    0x08001394   0x08001394   0x00000010   Code   RO         3998    .text               c_w.l(rt_ctype_table.o)
    0x080013a4   0x080013a4   0x00000008   Code   RO         4003    .text               c_w.l(rt_locale_intlibspace.o)
    0x080013ac   0x080013ac   0x00000080   Code   RO         4005    .text               c_w.l(_printf_fp_infnan.o)
    0x0800142c   0x0800142c   0x000000e4   Code   RO         4007    .text               c_w.l(bigflt0.o)
    0x08001510   0x08001510   0x00000012   Code   RO         4037    .text               c_w.l(exit.o)
    0x08001522   0x08001522   0x00000006   PAD
    0x08001528   0x08001528   0x0000007c   Code   RO         4076    .text               c_w.l(strcmpv7em.o)
    0x080015a4   0x080015a4   0x0000000c   Code   RO         4078    .text               c_w.l(sys_exit.o)
    0x080015b0   0x080015b0   0x00000002   Code   RO         4082    .text               c_w.l(use_no_semi.o)
    0x080015b2   0x080015b2   0x00000000   Code   RO         4084    .text               c_w.l(indicate_semi.o)
    0x080015b2   0x080015b2   0x00000002   PAD
    0x080015b4   0x080015b4   0x00000072   Code   RO          976    .text.ADC_DMAConvCplt  stm32f4xx_hal_adc.o
    0x08001626   0x08001626   0x00000002   PAD
    0x08001628   0x08001628   0x00000016   Code   RO          980    .text.ADC_DMAError  stm32f4xx_hal_adc.o
    0x0800163e   0x0800163e   0x00000002   PAD
    0x08001640   0x08001640   0x0000000a   Code   RO          978    .text.ADC_DMAHalfConvCplt  stm32f4xx_hal_adc.o
    0x0800164a   0x0800164a   0x00000006   PAD
    0x08001650   0x08001650   0x000000b8   Code   RO         1666    .text.ADC_Detect    fun.o
    0x08001708   0x08001708   0x00000010   Code   RO          121    .text.ADC_IRQHandler  stm32f4xx_it.o
    0x08001718   0x08001718   0x00000108   Code   RO          948    .text.ADC_Init      stm32f4xx_hal_adc.o
    0x08001820   0x08001820   0x00000002   Code   RO          109    .text.BusFault_Handler  stm32f4xx_it.o
    0x08001822   0x08001822   0x00000002   PAD
    0x08001824   0x08001824   0x00000004   Code   RO          192    .text.CDC_Control_FS  usbd_cdc_if.o
    0x08001828   0x08001828   0x00000004   Code   RO          190    .text.CDC_DeInit_FS  usbd_cdc_if.o
    0x0800182c   0x0800182c   0x0000002c   Code   RO          188    .text.CDC_Init_FS   usbd_cdc_if.o
    0x08001858   0x08001858   0x0000001c   Code   RO          194    .text.CDC_Receive_FS  usbd_cdc_if.o
    0x08001874   0x08001874   0x00000004   Code   RO          196    .text.CDC_TransmitCplt_FS  usbd_cdc_if.o
    0x08001878   0x08001878   0x00000034   Code   RO          186    .text.CDC_Transmit_FS  usbd_cdc_if.o
    0x080018ac   0x080018ac   0x00000010   Code   RO          125    .text.DMA2_Stream0_IRQHandler  stm32f4xx_it.o
    0x080018bc   0x080018bc   0x0000003c   Code   RO          677    .text.DMA_CalcBaseAndBitshift  stm32f4xx_hal_dma.o
    0x080018f8   0x080018f8   0x00000050   Code   RO          675    .text.DMA_CheckFifoParam  stm32f4xx_hal_dma.o
    0x08001948   0x08001948   0x00000030   Code   RO          683    .text.DMA_SetConfig  stm32f4xx_hal_dma.o
    0x08001978   0x08001978   0x00000002   Code   RO          115    .text.DebugMon_Handler  stm32f4xx_it.o
    0x0800197a   0x0800197a   0x00000002   PAD
    0x0800197c   0x0800197c   0x000000e6   Code   RO         1940    .text.DrawChar      oled_draw.o
    0x08001a62   0x08001a62   0x00000002   PAD
    0x08001a64   0x08001a64   0x00000090   Code   RO         1944    .text.DrawNum       oled_draw.o
    0x08001af4   0x08001af4   0x0000004c   Code   RO         1942    .text.DrawString    oled_draw.o
    0x08001b40   0x08001b40   0x0000000c   Code   RO         1838    .text.DriverInit    oled_config.o
    0x08001b4c   0x08001b4c   0x0000000a   Code   RO           27    .text.Error_Handler  main.o
    0x08001b56   0x08001b56   0x00000002   PAD
    0x08001b58   0x08001b58   0x0000000c   Code   RO         1823    .text.GetDrawColor  oled_color.o
    0x08001b64   0x08001b64   0x0000000c   Code   RO         2002    .text.GetFontSize   oled_font.o
    0x08001b70   0x08001b70   0x0000000c   Code   RO         1998    .text.GetTextBkMode  oled_font.o
    0x08001b7c   0x08001b7c   0x00000034   Code   RO          167    .text.Get_SerialNum  usbd_desc.o
    0x08001bb0   0x08001bb0   0x00000002   Code   RO         1028    .text.HAL_ADCEx_InjectedConvCpltCallback  stm32f4xx_hal_adc_ex.o
    0x08001bb2   0x08001bb2   0x00000002   PAD
    0x08001bb4   0x08001bb4   0x0000006c   Code   RO          990    .text.HAL_ADC_AnalogWDGConfig  stm32f4xx_hal_adc.o
    0x08001c20   0x08001c20   0x00000106   Code   RO          988    .text.HAL_ADC_ConfigChannel  stm32f4xx_hal_adc.o
    0x08001d26   0x08001d26   0x00000002   PAD
    0x08001d28   0x08001d28   0x00000002   Code   RO          968    .text.HAL_ADC_ConvCpltCallback  stm32f4xx_hal_adc.o
    0x08001d2a   0x08001d2a   0x00000002   PAD
    0x08001d2c   0x08001d2c   0x00000002   Code   RO          986    .text.HAL_ADC_ConvHalfCpltCallback  stm32f4xx_hal_adc.o
    0x08001d2e   0x08001d2e   0x00000002   PAD
    0x08001d30   0x08001d30   0x00000002   Code   RO          972    .text.HAL_ADC_ErrorCallback  stm32f4xx_hal_adc.o
    0x08001d32   0x08001d32   0x00000002   PAD
    0x08001d34   0x08001d34   0x00000142   Code   RO          966    .text.HAL_ADC_IRQHandler  stm32f4xx_hal_adc.o
    0x08001e76   0x08001e76   0x00000002   PAD
    0x08001e78   0x08001e78   0x0000004e   Code   RO          944    .text.HAL_ADC_Init  stm32f4xx_hal_adc.o
    0x08001ec6   0x08001ec6   0x00000002   PAD
    0x08001ec8   0x08001ec8   0x0000002a   Code   RO         1672    .text.HAL_ADC_LevelOutOfWindowCallback  fun.o
    0x08001ef2   0x08001ef2   0x00000002   PAD
    0x08001ef4   0x08001ef4   0x000000ee   Code   RO           50    .text.HAL_ADC_MspInit  adc.o
    0x08001fe2   0x08001fe2   0x00000002   PAD
    0x08001fe4   0x08001fe4   0x00000128   Code   RO          974    .text.HAL_ADC_Start_DMA  stm32f4xx_hal_adc.o
    0x0800210c   0x0800210c   0x0000018c   Code   RO          693    .text.HAL_DMA_IRQHandler  stm32f4xx_hal_dma.o
    0x08002298   0x08002298   0x000000ce   Code   RO          673    .text.HAL_DMA_Init  stm32f4xx_hal_dma.o
    0x08002366   0x08002366   0x00000002   PAD
    0x08002368   0x08002368   0x00000062   Code   RO          685    .text.HAL_DMA_Start_IT  stm32f4xx_hal_dma.o
    0x080023ca   0x080023ca   0x00000002   PAD
    0x080023cc   0x080023cc   0x00000028   Code   RO          873    .text.HAL_Delay     stm32f4xx_hal.o
    0x080023f4   0x080023f4   0x00000196   Code   RO          633    .text.HAL_GPIO_Init  stm32f4xx_hal_gpio.o
    0x0800258a   0x0800258a   0x00000002   PAD
    0x0800258c   0x0800258c   0x0000000a   Code   RO          639    .text.HAL_GPIO_WritePin  stm32f4xx_hal_gpio.o
    0x08002596   0x08002596   0x00000002   PAD
    0x08002598   0x08002598   0x0000000c   Code   RO          865    .text.HAL_GetTick   stm32f4xx_hal.o
    0x080025a4   0x080025a4   0x0000001a   Code   RO          863    .text.HAL_IncTick   stm32f4xx_hal.o
    0x080025be   0x080025be   0x00000002   PAD
    0x080025c0   0x080025c0   0x00000036   Code   RO          853    .text.HAL_Init      stm32f4xx_hal.o
    0x080025f6   0x080025f6   0x00000002   PAD
    0x080025f8   0x080025f8   0x00000050   Code   RO          855    .text.HAL_InitTick  stm32f4xx_hal.o
    0x08002648   0x08002648   0x00000038   Code   RO          136    .text.HAL_MspInit   stm32f4xx_hal_msp.o
    0x08002680   0x08002680   0x00000008   Code   RO          793    .text.HAL_NVIC_EnableIRQ  stm32f4xx_hal_cortex.o
    0x08002688   0x08002688   0x0000001e   Code   RO          785    .text.HAL_NVIC_SetPriority  stm32f4xx_hal_cortex.o
    0x080026a6   0x080026a6   0x00000002   PAD
    0x080026a8   0x080026a8   0x00000008   Code   RO          781    .text.HAL_NVIC_SetPriorityGrouping  stm32f4xx_hal_cortex.o
    0x080026b0   0x080026b0   0x00000002   Code   RO          365    .text.HAL_PCDEx_LPM_Callback  stm32f4xx_hal_pcd_ex.o
    0x080026b2   0x080026b2   0x00000002   PAD
    0x080026b4   0x080026b4   0x00000008   Code   RO          363    .text.HAL_PCDEx_SetRxFiFo  stm32f4xx_hal_pcd_ex.o
    0x080026bc   0x080026bc   0x00000050   Code   RO          361    .text.HAL_PCDEx_SetTxFiFo  stm32f4xx_hal_pcd_ex.o
    0x0800270c   0x0800270c   0x0000000c   Code   RO          231    .text.HAL_PCD_ConnectCallback  usbd_conf.o
    0x08002718   0x08002718   0x00000018   Code   RO          217    .text.HAL_PCD_DataInStageCallback  usbd_conf.o
    0x08002730   0x08002730   0x0000001a   Code   RO          215    .text.HAL_PCD_DataOutStageCallback  usbd_conf.o
    0x0800274a   0x0800274a   0x00000002   PAD
    0x0800274c   0x0800274c   0x0000000c   Code   RO          233    .text.HAL_PCD_DisconnectCallback  usbd_conf.o
    0x08002758   0x08002758   0x0000004c   Code   RO          333    .text.HAL_PCD_EP_Close  stm32f4xx_hal_pcd.o
    0x080027a4   0x080027a4   0x00000062   Code   RO          343    .text.HAL_PCD_EP_ClrStall  stm32f4xx_hal_pcd.o
    0x08002806   0x08002806   0x00000002   PAD
    0x08002808   0x08002808   0x00000012   Code   RO          337    .text.HAL_PCD_EP_GetRxCount  stm32f4xx_hal_pcd.o
    0x0800281a   0x0800281a   0x00000002   PAD
    0x0800281c   0x0800281c   0x00000060   Code   RO          331    .text.HAL_PCD_EP_Open  stm32f4xx_hal_pcd.o
    0x0800287c   0x0800287c   0x00000054   Code   RO          335    .text.HAL_PCD_EP_Receive  stm32f4xx_hal_pcd.o
    0x080028d0   0x080028d0   0x0000006e   Code   RO          341    .text.HAL_PCD_EP_SetStall  stm32f4xx_hal_pcd.o
    0x0800293e   0x0800293e   0x00000002   PAD
    0x08002940   0x08002940   0x00000048   Code   RO          339    .text.HAL_PCD_EP_Transmit  stm32f4xx_hal_pcd.o
    0x08002988   0x08002988   0x00000452   Code   RO          293    .text.HAL_PCD_IRQHandler  stm32f4xx_hal_pcd.o
    0x08002dda   0x08002dda   0x00000002   PAD
    0x08002ddc   0x08002ddc   0x0000000c   Code   RO          229    .text.HAL_PCD_ISOINIncompleteCallback  usbd_conf.o
    0x08002de8   0x08002de8   0x0000000c   Code   RO          227    .text.HAL_PCD_ISOOUTIncompleteCallback  usbd_conf.o
    0x08002df4   0x08002df4   0x00000142   Code   RO          281    .text.HAL_PCD_Init  stm32f4xx_hal_pcd.o
    0x08002f36   0x08002f36   0x00000002   PAD
    0x08002f38   0x08002f38   0x00000088   Code   RO          209    .text.HAL_PCD_MspInit  usbd_conf.o
    0x08002fc0   0x08002fc0   0x00000022   Code   RO          221    .text.HAL_PCD_ResetCallback  usbd_conf.o
    0x08002fe2   0x08002fe2   0x00000002   PAD
    0x08002fe4   0x08002fe4   0x0000000c   Code   RO          225    .text.HAL_PCD_ResumeCallback  usbd_conf.o
    0x08002ff0   0x08002ff0   0x0000000c   Code   RO          219    .text.HAL_PCD_SOFCallback  usbd_conf.o
    0x08002ffc   0x08002ffc   0x00000028   Code   RO          329    .text.HAL_PCD_SetAddress  stm32f4xx_hal_pcd.o
    0x08003024   0x08003024   0x00000012   Code   RO          213    .text.HAL_PCD_SetupStageCallback  usbd_conf.o
    0x08003036   0x08003036   0x00000002   PAD
    0x08003038   0x08003038   0x0000003e   Code   RO          289    .text.HAL_PCD_Start  stm32f4xx_hal_pcd.o
    0x08003076   0x08003076   0x00000002   PAD
    0x08003078   0x08003078   0x00000034   Code   RO          223    .text.HAL_PCD_SuspendCallback  usbd_conf.o
    0x080030ac   0x080030ac   0x00000160   Code   RO          485    .text.HAL_RCC_ClockConfig  stm32f4xx_hal_rcc.o
    0x0800320c   0x0800320c   0x0000000c   Code   RO          495    .text.HAL_RCC_GetHCLKFreq  stm32f4xx_hal_rcc.o
    0x08003218   0x08003218   0x00000068   Code   RO          487    .text.HAL_RCC_GetSysClockFreq  stm32f4xx_hal_rcc.o
    0x08003280   0x08003280   0x00000348   Code   RO          483    .text.HAL_RCC_OscConfig  stm32f4xx_hal_rcc.o
    0x080035c8   0x080035c8   0x000000b4   Code   RO         1043    .text.HAL_SPI_Init  stm32f4xx_hal_spi.o
    0x0800367c   0x0800367c   0x00000072   Code   RO           75    .text.HAL_SPI_MspInit  spi.o
    0x080036ee   0x080036ee   0x00000002   PAD
    0x080036f0   0x080036f0   0x0000017c   Code   RO         1051    .text.HAL_SPI_Transmit  stm32f4xx_hal_spi.o
    0x0800386c   0x0800386c   0x00000008   Code   RO          805    .text.HAL_SYSTICK_Config  stm32f4xx_hal_cortex.o
    0x08003874   0x08003874   0x00000002   Code   RO         1485    .text.HAL_TIMEx_BreakCallback  stm32f4xx_hal_tim_ex.o
    0x08003876   0x08003876   0x00000002   PAD
    0x08003878   0x08003878   0x00000002   Code   RO         1481    .text.HAL_TIMEx_CommutCallback  stm32f4xx_hal_tim_ex.o
    0x0800387a   0x0800387a   0x00000002   PAD
    0x0800387c   0x0800387c   0x0000005a   Code   RO         1161    .text.HAL_TIM_Base_Init  stm32f4xx_hal_tim.o
    0x080038d6   0x080038d6   0x00000002   PAD
    0x080038d8   0x080038d8   0x00000048   Code   RO           90    .text.HAL_TIM_Base_MspInit  tim.o
    0x08003920   0x08003920   0x00000084   Code   RO         1175    .text.HAL_TIM_Base_Start_IT  stm32f4xx_hal_tim.o
    0x080039a4   0x080039a4   0x00000002   Code   RO         1297    .text.HAL_TIM_IC_CaptureCallback  stm32f4xx_hal_tim.o
    0x080039a6   0x080039a6   0x00000002   PAD
    0x080039a8   0x080039a8   0x0000016a   Code   RO         1295    .text.HAL_TIM_IRQHandler  stm32f4xx_hal_tim.o
    0x08003b12   0x08003b12   0x00000002   PAD
    0x08003b14   0x08003b14   0x00000002   Code   RO         1299    .text.HAL_TIM_OC_DelayElapsedCallback  stm32f4xx_hal_tim.o
    0x08003b16   0x08003b16   0x00000002   PAD
    0x08003b18   0x08003b18   0x00000002   Code   RO         1301    .text.HAL_TIM_PWM_PulseFinishedCallback  stm32f4xx_hal_tim.o
    0x08003b1a   0x08003b1a   0x00000002   PAD
    0x08003b1c   0x08003b1c   0x00000020   Code   RO         1846    .text.HAL_TIM_PeriodElapsedCallback  oled_config.o
    0x08003b3c   0x08003b3c   0x00000002   Code   RO         1305    .text.HAL_TIM_TriggerCallback  stm32f4xx_hal_tim.o
    0x08003b3e   0x08003b3e   0x00000002   PAD
    0x08003b40   0x08003b40   0x00000002   Code   RO          105    .text.HardFault_Handler  stm32f4xx_it.o
    0x08003b42   0x08003b42   0x00000002   PAD
    0x08003b44   0x08003b44   0x00000008   Code   RO         1722    .text.InitGraph     oled_basic.o
    0x08003b4c   0x08003b4c   0x00000036   Code   RO          169    .text.IntToUnicode  usbd_desc.o
    0x08003b82   0x08003b82   0x00000002   PAD
    0x08003b84   0x08003b84   0x00000028   Code   RO         1709    .text.Kalman_filter  filter.o
    0x08003bac   0x08003bac   0x00000008   Code   RO         1694    .text.LCD_Init      lcd.o
    0x08003bb4   0x08003bb4   0x000000b2   Code   RO           48    .text.MX_ADC1_Init  adc.o
    0x08003c66   0x08003c66   0x00000002   PAD
    0x08003c68   0x08003c68   0x00000036   Code   RO           64    .text.MX_DMA_Init   dma.o
    0x08003c9e   0x08003c9e   0x00000002   PAD
    0x08003ca0   0x08003ca0   0x000000a8   Code   RO           39    .text.MX_GPIO_Init  gpio.o
    0x08003d48   0x08003d48   0x00000042   Code   RO           73    .text.MX_SPI1_Init  spi.o
    0x08003d8a   0x08003d8a   0x00000002   PAD
    0x08003d8c   0x08003d8c   0x00000032   Code   RO           88    .text.MX_TIM11_Init  tim.o
    0x08003dbe   0x08003dbe   0x00000002   PAD
    0x08003dc0   0x08003dc0   0x0000006e   Code   RO          144    .text.MX_USB_DEVICE_Init  usb_device.o
    0x08003e2e   0x08003e2e   0x00000002   PAD
    0x08003e30   0x08003e30   0x00000002   Code   RO          107    .text.MemManage_Handler  stm32f4xx_it.o
    0x08003e32   0x08003e32   0x00000002   PAD
    0x08003e34   0x08003e34   0x00000002   Code   RO          103    .text.NMI_Handler   stm32f4xx_it.o
    0x08003e36   0x08003e36   0x00000002   PAD
    0x08003e38   0x08003e38   0x0000002c   Code   RO          791    .text.NVIC_EncodePriority  stm32f4xx_hal_cortex.o
    0x08003e64   0x08003e64   0x00000038   Code   RO         1982    .text.OLED_CLS      oled_driver.o
    0x08003e9c   0x08003e9c   0x0000003e   Code   RO         1978    .text.OLED_FILL     oled_driver.o
    0x08003eda   0x08003eda   0x00000002   PAD
    0x08003edc   0x08003edc   0x000000b0   Code   RO         1980    .text.OLED_Init     oled_driver.o
    0x08003f8c   0x08003f8c   0x00000010   Code   RO          127    .text.OTG_FS_IRQHandler  stm32f4xx_it.o
    0x08003f9c   0x08003f9c   0x00000014   Code   RO         1844    .text.OledTimeMsFunc  oled_config.o
    0x08003fb0   0x08003fb0   0x0000004c   Code   RO          297    .text.PCD_EP_OutSetupPacket_int  stm32f4xx_hal_pcd.o
    0x08003ffc   0x08003ffc   0x000000d0   Code   RO          295    .text.PCD_EP_OutXfrComplete_int  stm32f4xx_hal_pcd.o
    0x080040cc   0x080040cc   0x000000d0   Code   RO          301    .text.PCD_WriteEmptyTxFifo  stm32f4xx_hal_pcd.o
    0x0800419c   0x0800419c   0x00000002   Code   RO          117    .text.PendSV_Handler  stm32f4xx_it.o
    0x0800419e   0x0800419e   0x00000002   PAD
    0x080041a0   0x080041a0   0x00000052   Code   RO         1970    .text.SPI_Configuration  oled_driver.o
    0x080041f2   0x080041f2   0x00000002   PAD
    0x080041f4   0x080041f4   0x00000064   Code   RO         1053    .text.SPI_EndRxTxTransaction  stm32f4xx_hal_spi.o
    0x08004258   0x08004258   0x000000ce   Code   RO         1151    .text.SPI_WaitFlagStateUntilTimeout  stm32f4xx_hal_spi.o
    0x08004326   0x08004326   0x00000002   PAD
    0x08004328   0x08004328   0x00000034   Code   RO         1972    .text.SPI_WriterByte  oled_driver.o
    0x0800435c   0x0800435c   0x00000002   Code   RO          113    .text.SVC_Handler   stm32f4xx_it.o
    0x0800435e   0x0800435e   0x00000002   PAD
    0x08004360   0x08004360   0x00000004   Code   RO         1586    .text.SWAPBYTE      usbd_ctlreq.o
    0x08004364   0x08004364   0x0000005e   Code   RO         1798    .text.SetPointBuffer  oled_buffer.o
    0x080043c2   0x080043c2   0x00000002   PAD
    0x080043c4   0x080043c4   0x0000006c   Code   RO         1668    .text.Show_Power    fun.o
    0x08004430   0x08004430   0x0000002e   Code   RO          807    .text.SysTick_Config  stm32f4xx_hal_cortex.o
    0x0800445e   0x0800445e   0x00000002   PAD
    0x08004460   0x08004460   0x00000008   Code   RO          119    .text.SysTick_Handler  stm32f4xx_it.o
    0x08004468   0x08004468   0x000000a4   Code   RO           25    .text.SystemClock_Config  main.o
    0x0800450c   0x0800450c   0x00000012   Code   RO         1499    .text.SystemInit    system_stm32f4xx.o
    0x0800451e   0x0800451e   0x00000002   PAD
    0x08004520   0x08004520   0x00000010   Code   RO          123    .text.TIM1_TRG_COM_TIM11_IRQHandler  stm32f4xx_it.o
    0x08004530   0x08004530   0x000000da   Code   RO         1165    .text.TIM_Base_SetConfig  stm32f4xx_hal_tim.o
    0x0800460a   0x0800460a   0x00000002   PAD
    0x0800460c   0x0800460c   0x0000006e   Code   RO         1631    .text.USBD_CDC_DataIn  usbd_cdc.o
    0x0800467a   0x0800467a   0x00000002   PAD
    0x0800467c   0x0800467c   0x0000002c   Code   RO         1633    .text.USBD_CDC_DataOut  usbd_cdc.o
    0x080046a8   0x080046a8   0x00000042   Code   RO         1625    .text.USBD_CDC_DeInit  usbd_cdc.o
    0x080046ea   0x080046ea   0x00000002   PAD
    0x080046ec   0x080046ec   0x00000032   Code   RO         1629    .text.USBD_CDC_EP0_RxReady  usbd_cdc.o
    0x0800471e   0x0800471e   0x00000002   PAD
    0x08004720   0x08004720   0x00000010   Code   RO         1641    .text.USBD_CDC_GetDeviceQualifierDescriptor  usbd_cdc.o
    0x08004730   0x08004730   0x00000010   Code   RO         1637    .text.USBD_CDC_GetFSCfgDesc  usbd_cdc.o
    0x08004740   0x08004740   0x00000010   Code   RO         1635    .text.USBD_CDC_GetHSCfgDesc  usbd_cdc.o
    0x08004750   0x08004750   0x00000010   Code   RO         1639    .text.USBD_CDC_GetOtherSpeedCfgDesc  usbd_cdc.o
    0x08004760   0x08004760   0x00000096   Code   RO         1623    .text.USBD_CDC_Init  usbd_cdc.o
    0x080047f6   0x080047f6   0x00000002   PAD
    0x080047f8   0x080047f8   0x0000002a   Code   RO         1651    .text.USBD_CDC_ReceivePacket  usbd_cdc.o
    0x08004822   0x08004822   0x00000002   PAD
    0x08004824   0x08004824   0x0000000e   Code   RO         1643    .text.USBD_CDC_RegisterInterface  usbd_cdc.o
    0x08004832   0x08004832   0x00000002   PAD
    0x08004834   0x08004834   0x00000012   Code   RO         1647    .text.USBD_CDC_SetRxBuffer  usbd_cdc.o
    0x08004846   0x08004846   0x00000002   PAD
    0x08004848   0x08004848   0x00000016   Code   RO         1645    .text.USBD_CDC_SetTxBuffer  usbd_cdc.o
    0x0800485e   0x0800485e   0x00000002   PAD
    0x08004860   0x08004860   0x0000010c   Code   RO         1627    .text.USBD_CDC_Setup  usbd_cdc.o
    0x0800496c   0x0800496c   0x00000036   Code   RO         1649    .text.USBD_CDC_TransmitPacket  usbd_cdc.o
    0x080049a2   0x080049a2   0x00000002   PAD
    0x080049a4   0x080049a4   0x00000010   Code   RO         1528    .text.USBD_ClrClassConfig  usbd_core.o
    0x080049b4   0x080049b4   0x00000026   Code   RO         1576    .text.USBD_ClrFeature  usbd_ctlreq.o
    0x080049da   0x080049da   0x00000002   PAD
    0x080049dc   0x080049dc   0x00000010   Code   RO         1607    .text.USBD_CtlContinueRx  usbd_ioreq.o
    0x080049ec   0x080049ec   0x00000010   Code   RO         1603    .text.USBD_CtlContinueSendData  usbd_ioreq.o
    0x080049fc   0x080049fc   0x00000014   Code   RO         1578    .text.USBD_CtlError  usbd_ctlreq.o
    0x08004a10   0x08004a10   0x0000001a   Code   RO         1605    .text.USBD_CtlPrepareRx  usbd_ioreq.o
    0x08004a2a   0x08004a2a   0x00000002   PAD
    0x08004a2c   0x08004a2c   0x00000016   Code   RO         1611    .text.USBD_CtlReceiveStatus  usbd_ioreq.o
    0x08004a42   0x08004a42   0x00000002   PAD
    0x08004a44   0x08004a44   0x0000001a   Code   RO         1601    .text.USBD_CtlSendData  usbd_ioreq.o
    0x08004a5e   0x08004a5e   0x00000002   PAD
    0x08004a60   0x08004a60   0x00000016   Code   RO         1609    .text.USBD_CtlSendStatus  usbd_ioreq.o
    0x08004a76   0x08004a76   0x00000002   PAD
    0x08004a78   0x08004a78   0x00000024   Code   RO          163    .text.USBD_FS_ConfigStrDescriptor  usbd_desc.o
    0x08004a9c   0x08004a9c   0x0000000e   Code   RO          153    .text.USBD_FS_DeviceDescriptor  usbd_desc.o
    0x08004aaa   0x08004aaa   0x00000002   PAD
    0x08004aac   0x08004aac   0x00000028   Code   RO          165    .text.USBD_FS_InterfaceStrDescriptor  usbd_desc.o
    0x08004ad4   0x08004ad4   0x0000000e   Code   RO          155    .text.USBD_FS_LangIDStrDescriptor  usbd_desc.o
    0x08004ae2   0x08004ae2   0x00000002   PAD
    0x08004ae4   0x08004ae4   0x0000002c   Code   RO          157    .text.USBD_FS_ManufacturerStrDescriptor  usbd_desc.o
    0x08004b10   0x08004b10   0x00000030   Code   RO          159    .text.USBD_FS_ProductStrDescriptor  usbd_desc.o
    0x08004b40   0x08004b40   0x00000014   Code   RO          161    .text.USBD_FS_SerialStrDescriptor  usbd_desc.o
    0x08004b54   0x08004b54   0x00000030   Code   RO         1570    .text.USBD_GetConfig  usbd_ctlreq.o
    0x08004b84   0x08004b84   0x00000106   Code   RO         1564    .text.USBD_GetDescriptor  usbd_ctlreq.o
    0x08004c8a   0x08004c8a   0x00000002   PAD
    0x08004c8c   0x08004c8c   0x0000001e   Code   RO         1590    .text.USBD_GetLen   usbd_ctlreq.o
    0x08004caa   0x08004caa   0x00000002   PAD
    0x08004cac   0x08004cac   0x00000032   Code   RO         1572    .text.USBD_GetStatus  usbd_ctlreq.o
    0x08004cde   0x08004cde   0x00000002   PAD
    0x08004ce0   0x08004ce0   0x00000044   Code   RO         1588    .text.USBD_GetString  usbd_ctlreq.o
    0x08004d24   0x08004d24   0x0000001a   Code   RO          239    .text.USBD_Get_USB_Status  usbd_conf.o
    0x08004d3e   0x08004d3e   0x00000002   PAD
    0x08004d40   0x08004d40   0x0000002e   Code   RO         1514    .text.USBD_Init     usbd_core.o
    0x08004d6e   0x08004d6e   0x00000002   PAD
    0x08004d70   0x08004d70   0x00000010   Code   RO          253    .text.USBD_LL_ClearStallEP  usbd_conf.o
    0x08004d80   0x08004d80   0x00000010   Code   RO          247    .text.USBD_LL_CloseEP  usbd_conf.o
    0x08004d90   0x08004d90   0x000000a6   Code   RO         1534    .text.USBD_LL_DataInStage  usbd_core.o
    0x08004e36   0x08004e36   0x00000002   PAD
    0x08004e38   0x08004e38   0x0000006a   Code   RO         1532    .text.USBD_LL_DataOutStage  usbd_core.o
    0x08004ea2   0x08004ea2   0x00000002   PAD
    0x08004ea4   0x08004ea4   0x00000004   Code   RO         1550    .text.USBD_LL_DevConnected  usbd_core.o
    0x08004ea8   0x08004ea8   0x00000018   Code   RO         1552    .text.USBD_LL_DevDisconnected  usbd_core.o
    0x08004ec0   0x08004ec0   0x0000000c   Code   RO          263    .text.USBD_LL_GetRxDataSize  usbd_conf.o
    0x08004ecc   0x08004ecc   0x0000006e   Code   RO          235    .text.USBD_LL_Init  usbd_conf.o
    0x08004f3a   0x08004f3a   0x00000002   PAD
    0x08004f3c   0x08004f3c   0x00000020   Code   RO          255    .text.USBD_LL_IsStallEP  usbd_conf.o
    0x08004f5c   0x08004f5c   0x0000001e   Code   RO         1546    .text.USBD_LL_IsoINIncomplete  usbd_core.o
    0x08004f7a   0x08004f7a   0x00000002   PAD
    0x08004f7c   0x08004f7c   0x0000001e   Code   RO         1548    .text.USBD_LL_IsoOUTIncomplete  usbd_core.o
    0x08004f9a   0x08004f9a   0x00000002   PAD
    0x08004f9c   0x08004f9c   0x00000016   Code   RO          245    .text.USBD_LL_OpenEP  usbd_conf.o
    0x08004fb2   0x08004fb2   0x00000002   PAD
    0x08004fb4   0x08004fb4   0x00000010   Code   RO          261    .text.USBD_LL_PrepareReceive  usbd_conf.o
    0x08004fc4   0x08004fc4   0x00000062   Code   RO         1536    .text.USBD_LL_Reset  usbd_core.o
    0x08005026   0x08005026   0x00000002   PAD
    0x08005028   0x08005028   0x00000014   Code   RO         1542    .text.USBD_LL_Resume  usbd_core.o
    0x0800503c   0x0800503c   0x0000001e   Code   RO         1544    .text.USBD_LL_SOF   usbd_core.o
    0x0800505a   0x0800505a   0x00000002   PAD
    0x0800505c   0x0800505c   0x00000008   Code   RO         1538    .text.USBD_LL_SetSpeed  usbd_core.o
    0x08005064   0x08005064   0x00000010   Code   RO          257    .text.USBD_LL_SetUSBAddress  usbd_conf.o
    0x08005074   0x08005074   0x00000058   Code   RO         1530    .text.USBD_LL_SetupStage  usbd_core.o
    0x080050cc   0x080050cc   0x00000010   Code   RO          251    .text.USBD_LL_StallEP  usbd_conf.o
    0x080050dc   0x080050dc   0x00000010   Code   RO          241    .text.USBD_LL_Start  usbd_conf.o
    0x080050ec   0x080050ec   0x00000014   Code   RO         1540    .text.USBD_LL_Suspend  usbd_core.o
    0x08005100   0x08005100   0x00000010   Code   RO          259    .text.USBD_LL_Transmit  usbd_conf.o
    0x08005110   0x08005110   0x00000028   Code   RO         1584    .text.USBD_ParseSetupRequest  usbd_ctlreq.o
    0x08005138   0x08005138   0x0000002c   Code   RO         1518    .text.USBD_RegisterClass  usbd_core.o
    0x08005164   0x08005164   0x00000046   Code   RO         1566    .text.USBD_SetAddress  usbd_ctlreq.o
    0x080051aa   0x080051aa   0x00000002   PAD
    0x080051ac   0x080051ac   0x00000012   Code   RO         1526    .text.USBD_SetClassConfig  usbd_core.o
    0x080051be   0x080051be   0x00000002   PAD
    0x080051c0   0x080051c0   0x000000ba   Code   RO         1568    .text.USBD_SetConfig  usbd_ctlreq.o
    0x0800527a   0x0800527a   0x00000002   PAD
    0x0800527c   0x0800527c   0x00000016   Code   RO         1574    .text.USBD_SetFeature  usbd_ctlreq.o
    0x08005292   0x08005292   0x00000002   PAD
    0x08005294   0x08005294   0x00000008   Code   RO         1520    .text.USBD_Start    usbd_core.o
    0x0800529c   0x0800529c   0x0000006e   Code   RO         1562    .text.USBD_StdDevReq  usbd_ctlreq.o
    0x0800530a   0x0800530a   0x00000002   PAD
    0x0800530c   0x0800530c   0x00000136   Code   RO         1582    .text.USBD_StdEPReq  usbd_ctlreq.o
    0x08005442   0x08005442   0x00000002   PAD
    0x08005444   0x08005444   0x00000062   Code   RO         1580    .text.USBD_StdItfReq  usbd_ctlreq.o
    0x080054a6   0x080054a6   0x00000002   PAD
    0x080054a8   0x080054a8   0x00000002   Code   RO          267    .text.USBD_static_free  usbd_conf.o
    0x080054aa   0x080054aa   0x00000002   PAD
    0x080054ac   0x080054ac   0x0000000a   Code   RO          265    .text.USBD_static_malloc  usbd_conf.o
    0x080054b6   0x080054b6   0x00000002   PAD
    0x080054b8   0x080054b8   0x00000098   Code   RO          401    .text.USB_ActivateEndpoint  stm32f4xx_ll_usb.o
    0x08005550   0x08005550   0x00000020   Code   RO          441    .text.USB_ActivateSetup  stm32f4xx_ll_usb.o
    0x08005570   0x08005570   0x00000078   Code   RO          377    .text.USB_CoreInit  stm32f4xx_ll_usb.o
    0x080055e8   0x080055e8   0x0000004c   Code   RO          379    .text.USB_CoreReset  stm32f4xx_ll_usb.o
    0x08005634   0x08005634   0x00000092   Code   RO          405    .text.USB_DeactivateEndpoint  stm32f4xx_ll_usb.o
    0x080056c6   0x080056c6   0x00000002   PAD
    0x080056c8   0x080056c8   0x0000001e   Code   RO          425    .text.USB_DevConnect  stm32f4xx_ll_usb.o
    0x080056e6   0x080056e6   0x00000002   PAD
    0x080056e8   0x080056e8   0x0000001e   Code   RO          427    .text.USB_DevDisconnect  stm32f4xx_ll_usb.o
    0x08005706   0x08005706   0x00000002   PAD
    0x08005708   0x08005708   0x0000015e   Code   RO          391    .text.USB_DevInit   stm32f4xx_ll_usb.o
    0x08005866   0x08005866   0x00000002   PAD
    0x08005868   0x08005868   0x0000000e   Code   RO          385    .text.USB_DisableGlobalInt  stm32f4xx_ll_usb.o
    0x08005876   0x08005876   0x00000002   PAD
    0x08005878   0x08005878   0x000000fa   Code   RO          413    .text.USB_EP0StartXfer  stm32f4xx_ll_usb.o
    0x08005972   0x08005972   0x00000002   PAD
    0x08005974   0x08005974   0x0000005a   Code   RO          443    .text.USB_EP0_OutStart  stm32f4xx_ll_usb.o
    0x080059ce   0x080059ce   0x00000002   PAD
    0x080059d0   0x080059d0   0x00000050   Code   RO          419    .text.USB_EPClearStall  stm32f4xx_ll_usb.o
    0x08005a20   0x08005a20   0x0000004e   Code   RO          417    .text.USB_EPSetStall  stm32f4xx_ll_usb.o
    0x08005a6e   0x08005a6e   0x00000002   PAD
    0x08005a70   0x08005a70   0x000001b2   Code   RO          409    .text.USB_EPStartXfer  stm32f4xx_ll_usb.o
    0x08005c22   0x08005c22   0x00000002   PAD
    0x08005c24   0x08005c24   0x0000000e   Code   RO          383    .text.USB_EnableGlobalInt  stm32f4xx_ll_usb.o
    0x08005c32   0x08005c32   0x00000002   PAD
    0x08005c34   0x08005c34   0x00000030   Code   RO          397    .text.USB_FlushRxFifo  stm32f4xx_ll_usb.o
    0x08005c64   0x08005c64   0x00000030   Code   RO          395    .text.USB_FlushTxFifo  stm32f4xx_ll_usb.o
    0x08005c94   0x08005c94   0x0000001a   Code   RO          399    .text.USB_GetDevSpeed  stm32f4xx_ll_usb.o
    0x08005cae   0x08005cae   0x00000002   PAD
    0x08005cb0   0x08005cb0   0x00000008   Code   RO          389    .text.USB_GetMode   stm32f4xx_ll_usb.o
    0x08005cb8   0x08005cb8   0x0000000e   Code   RO          433    .text.USB_ReadDevAllInEpInterrupt  stm32f4xx_ll_usb.o
    0x08005cc6   0x08005cc6   0x00000002   PAD
    0x08005cc8   0x08005cc8   0x0000000e   Code   RO          431    .text.USB_ReadDevAllOutEpInterrupt  stm32f4xx_ll_usb.o
    0x08005cd6   0x08005cd6   0x00000002   PAD
    0x08005cd8   0x08005cd8   0x00000024   Code   RO          437    .text.USB_ReadDevInEPInterrupt  stm32f4xx_ll_usb.o
    0x08005cfc   0x08005cfc   0x00000010   Code   RO          435    .text.USB_ReadDevOutEPInterrupt  stm32f4xx_ll_usb.o
    0x08005d0c   0x08005d0c   0x00000008   Code   RO          429    .text.USB_ReadInterrupts  stm32f4xx_ll_usb.o
    0x08005d14   0x08005d14   0x0000004a   Code   RO          415    .text.USB_ReadPacket  stm32f4xx_ll_usb.o
    0x08005d5e   0x08005d5e   0x00000002   PAD
    0x08005d60   0x08005d60   0x00000068   Code   RO          387    .text.USB_SetCurrentMode  stm32f4xx_ll_usb.o
    0x08005dc8   0x08005dc8   0x00000022   Code   RO          423    .text.USB_SetDevAddress  stm32f4xx_ll_usb.o
    0x08005dea   0x08005dea   0x00000002   PAD
    0x08005dec   0x08005dec   0x00000010   Code   RO          393    .text.USB_SetDevSpeed  stm32f4xx_ll_usb.o
    0x08005dfc   0x08005dfc   0x00000116   Code   RO          381    .text.USB_SetTurnaroundTime  stm32f4xx_ll_usb.o
    0x08005f12   0x08005f12   0x00000002   PAD
    0x08005f14   0x08005f14   0x00000034   Code   RO          411    .text.USB_WritePacket  stm32f4xx_ll_usb.o
    0x08005f48   0x08005f48   0x0000004c   Code   RO         1670    .text.Update        fun.o
    0x08005f94   0x08005f94   0x00000008   Code   RO         1726    .text.UpdateScreen  oled_basic.o
    0x08005f9c   0x08005f9c   0x00000010   Code   RO         1840    .text.UpdateScreenBuffer  oled_config.o
    0x08005fac   0x08005fac   0x00000008   Code   RO         1802    .text.UpdateScreenDisplay  oled_buffer.o
    0x08005fb4   0x08005fb4   0x00000002   Code   RO          111    .text.UsageFault_Handler  stm32f4xx_it.o
    0x08005fb6   0x08005fb6   0x00000002   PAD
    0x08005fb8   0x08005fb8   0x00000008   Code   RO         1764    .text.WaitTimeMs    oled_basic.o
    0x08005fc0   0x08005fc0   0x00000042   Code   RO         1974    .text.WriteCmd      oled_driver.o
    0x08006002   0x08006002   0x00000002   PAD
    0x08006004   0x08006004   0x00000042   Code   RO         1976    .text.WriteDat      oled_driver.o
    0x08006046   0x08006046   0x00000002   PAD
    0x08006048   0x08006048   0x00000020   Code   RO          795    .text.__NVIC_EnableIRQ  stm32f4xx_hal_cortex.o
    0x08006068   0x08006068   0x00000010   Code   RO          787    .text.__NVIC_GetPriorityGrouping  stm32f4xx_hal_cortex.o
    0x08006078   0x08006078   0x00000022   Code   RO          789    .text.__NVIC_SetPriority  stm32f4xx_hal_cortex.o
    0x0800609a   0x0800609a   0x00000002   PAD
    0x0800609c   0x0800609c   0x00000020   Code   RO          783    .text.__NVIC_SetPriorityGrouping  stm32f4xx_hal_cortex.o
    0x080060bc   0x080060bc   0x00000028   Code   RO         1711    .text.low_filter    filter.o
    0x080060e4   0x080060e4   0x00000076   Code   RO           23    .text.main          main.o
    0x0800615a   0x0800615a   0x00000002   PAD
    0x0800615c   0x0800615c   0x00000018   Code   RO         1760    .text.oled_pow      oled_basic.o
    0x08006174   0x08006174   0x00000004   Code   RO         1758    .text.pgm_read_byte  oled_basic.o
    0x08006178   0x08006178   0x00000036   Code   RO          184    .text.usb_printf    usbd_cdc_if.o
    0x080061ae   0x080061ae   0x0000003e   Code   RO         4010    CL$$btod_d2e        c_w.l(btod.o)
    0x080061ec   0x080061ec   0x00000046   Code   RO         4012    CL$$btod_d2e_denorm_low  c_w.l(btod.o)
    0x08006232   0x08006232   0x00000060   Code   RO         4011    CL$$btod_d2e_norm_op1  c_w.l(btod.o)
    0x08006292   0x08006292   0x00000002   PAD
    0x08006294   0x08006294   0x00000338   Code   RO         4020    CL$$btod_div_common  c_w.l(btod.o)
    0x080065cc   0x080065cc   0x000000dc   Code   RO         4017    CL$$btod_e2e        c_w.l(btod.o)
    0x080066a8   0x080066a8   0x0000002a   Code   RO         4014    CL$$btod_ediv       c_w.l(btod.o)
    0x080066d2   0x080066d2   0x0000002a   Code   RO         4013    CL$$btod_emul       c_w.l(btod.o)
    0x080066fc   0x080066fc   0x00000244   Code   RO         4019    CL$$btod_mult_common  c_w.l(btod.o)
    0x08006940   0x08006940   0x00000030   Code   RO         3991    i.__ARM_fpclassify  m_wm.l(fpclassify.o)
    0x08006970   0x08006970   0x0000000e   Code   RO         3779    i._is_digit         c_w.l(__printf_wp.o)
    0x0800697e   0x0800697e   0x00000002   PAD
    0x08006980   0x08006980   0x0000002c   Code   RO         4035    locale$$code        c_w.l(lc_numeric_c.o)
    0x080069ac   0x080069ac   0x0000002c   Code   RO         4066    locale$$code        c_w.l(lc_ctype_c.o)
    0x080069d8   0x080069d8   0x00000062   Code   RO         3616    x$fpl$d2f           fz_wm.l(d2f.o)
    0x08006a3a   0x08006a3a   0x00000002   PAD
    0x08006a3c   0x08006a3c   0x00000150   Code   RO         3618    x$fpl$dadd          fz_wm.l(daddsub_clz.o)
    0x08006b8c   0x08006b8c   0x000002b4   Code   RO         3627    x$fpl$ddiv          fz_wm.l(ddiv.o)
    0x08006e40   0x08006e40   0x00000026   Code   RO         3634    x$fpl$dfltu         fz_wm.l(dflt_clz.o)
    0x08006e66   0x08006e66   0x00000002   PAD
    0x08006e68   0x08006e68   0x00000154   Code   RO         3640    x$fpl$dmul          fz_wm.l(dmul.o)
    0x08006fbc   0x08006fbc   0x0000009c   Code   RO         3865    x$fpl$dnaninf       fz_wm.l(dnaninf.o)
    0x08007058   0x08007058   0x0000000c   Code   RO         3867    x$fpl$dretinf       fz_wm.l(dretinf.o)
    0x08007064   0x08007064   0x000001dc   Code   RO         3620    x$fpl$dsub          fz_wm.l(daddsub_clz.o)
    0x08007240   0x08007240   0x00000056   Code   RO         3642    x$fpl$f2d           fz_wm.l(f2d.o)
    0x08007296   0x08007296   0x0000008c   Code   RO         3871    x$fpl$fnaninf       fz_wm.l(fnaninf.o)
    0x08007322   0x08007322   0x0000001a   Code   RO         3989    x$fpl$fpinit        fz_wm.l(fpinit.o)
    0x0800733c   0x0800733c   0x0000000a   Code   RO         3873    x$fpl$fretinf       fz_wm.l(fretinf.o)
    0x08007346   0x08007346   0x00000004   Code   RO         3877    x$fpl$printf1       fz_wm.l(printf1.o)
    0x0800734a   0x0800734a   0x00000004   Code   RO         3879    x$fpl$printf2       fz_wm.l(printf2.o)
    0x0800734e   0x0800734e   0x00000000   Code   RO         3885    x$fpl$usenofp       fz_wm.l(usenofp.o)
    0x0800734e   0x0800734e   0x00000002   PAD
    0x08007350   0x08007350   0x00000008   Data   RO         3738    .constdata          c_w.l(_printf_wctomb.o)
    0x08007358   0x08007358   0x00000028   Data   RO         3767    .constdata          c_w.l(_printf_hex_int_ll_ptr.o)
    0x08007380   0x08007380   0x00000011   Data   RO         3787    .constdata          c_w.l(__printf_flags_ss_wp.o)
    0x08007391   0x08007391   0x00000026   Data   RO         3974    .constdata          c_w.l(_printf_fp_hex.o)
    0x080073b7   0x080073b7   0x00000001   PAD
    0x080073b8   0x080073b8   0x00000094   Data   RO         4008    .constdata          c_w.l(bigflt0.o)
    0x0800744c   0x0800744c   0x00000010   Data   RO         1504    .rodata.AHBPrescTable  system_stm32f4xx.o
    0x0800745c   0x0800745c   0x00000500   Data   RO         2006    .rodata.font5x7     oled_font.o
    0x0800795c   0x0800795c   0x00000020   Data   RO         4140    Region$$Table       anon$$obj.o
    0x0800797c   0x0800797c   0x0000001c   Data   RO         4034    locale$$data        c_w.l(lc_numeric_c.o)
    0x08007998   0x08007998   0x00000110   Data   RO         4065    locale$$data        c_w.l(lc_ctype_c.o)


    Execution Region RW_IRAM1 (Exec base: 0x20000000, Load base: 0x08007aa8, Size: 0x00002428, Max: 0x00010000, ABSOLUTE, COMPRESSED[0x000000c8])

    Exec Addr    Load Addr    Size         Type   Attr      Idx    E Section Name        Object

    0x20000000   COMPRESSED   0x0000001c   Data   RW          171    .data.FS_Desc       usbd_desc.o
    0x2000001c   COMPRESSED   0x00000004   Data   RW         1503    .data.SystemCoreClock  system_stm32f4xx.o
    0x20000020   COMPRESSED   0x00000038   Data   RW         1653    .data.USBD_CDC      usbd_cdc.o
    0x20000058   COMPRESSED   0x00000043   Data   RW         1655    .data.USBD_CDC_CfgFSDesc  usbd_cdc.o
    0x2000009b   COMPRESSED   0x00000001   PAD
    0x2000009c   COMPRESSED   0x00000043   Data   RW         1656    .data.USBD_CDC_CfgHSDesc  usbd_cdc.o
    0x200000df   COMPRESSED   0x00000001   PAD
    0x200000e0   COMPRESSED   0x0000000a   Data   RW         1654    .data.USBD_CDC_DeviceQualifierDesc  usbd_cdc.o
    0x200000ea   COMPRESSED   0x00000002   PAD
    0x200000ec   COMPRESSED   0x00000043   Data   RW         1657    .data.USBD_CDC_OtherSpeedCfgDesc  usbd_cdc.o
    0x2000012f   COMPRESSED   0x00000001   PAD
    0x20000130   COMPRESSED   0x00000012   Data   RW          172    .data.USBD_FS_DeviceDesc  usbd_desc.o
    0x20000142   COMPRESSED   0x00000002   PAD
    0x20000144   COMPRESSED   0x00000014   Data   RW          199    .data.USBD_Interface_fops_FS  usbd_cdc_if.o
    0x20000158   COMPRESSED   0x00000004   Data   RW          173    .data.USBD_LangIDDesc  usbd_desc.o
    0x2000015c   COMPRESSED   0x0000001a   Data   RW          174    .data.USBD_StringSerial  usbd_desc.o
    0x20000176   COMPRESSED   0x00000001   Data   RW         1829    .data._Draw         oled_color.o
    0x20000177   COMPRESSED   0x00000001   Data   RW         2005    .data._FontSize     oled_font.o
    0x20000178   COMPRESSED   0x00000001   Data   RW          908    .data.uwTickFreq    stm32f4xx_hal.o
    0x20000179   COMPRESSED   0x00000003   PAD
    0x2000017c   COMPRESSED   0x00000004   Data   RW          907    .data.uwTickPrio    stm32f4xx_hal.o
    0x20000180        -       0x00000060   Zero   RW         3994    .bss                c_w.l(libspace.o)
    0x200001e0        -       0x00000002   Zero   RW           29    .bss.ADC_CONV       main.o
    0x200001e2        -       0x00000001   Zero   RW         1677    .bss.F_Overcurrent  fun.o
    0x200001e3   COMPRESSED   0x00000001   PAD
    0x200001e4        -       0x00000004   Zero   RW         1713    .bss.Kalman_filter.Kalman_Struct.3  filter.o
    0x200001e8        -       0x00000004   Zero   RW         1848    .bss.OledTimeMs     oled_config.o
    0x200001ec        -       0x00000400   Zero   RW         1810    .bss.ScreenBuffer   oled_buffer.o
    0x200005ec        -       0x00000400   Zero   RW         1811    .bss.TempBuffer     oled_buffer.o
    0x200009ec        -       0x00000001   Zero   RW         1592    .bss.USBD_SetConfig.cfgidx  usbd_ctlreq.o
    0x200009ed   COMPRESSED   0x00000003   PAD
    0x200009f0        -       0x00000200   Zero   RW          175    .bss.USBD_StrDesc   usbd_desc.o
    0x20000bf0        -       0x00000220   Zero   RW          272    .bss.USBD_static_malloc.mem  usbd_conf.o
    0x20000e10        -       0x000003e8   Zero   RW          200    .bss.UserRxBufferFS  usbd_cdc_if.o
    0x200011f8        -       0x000003e8   Zero   RW          198    .bss.UserTxBufferFS  usbd_cdc_if.o
    0x200015e0        -       0x00000001   Zero   RW         1812    .bss._SelectedBuffer  oled_buffer.o
    0x200015e1        -       0x00000001   Zero   RW         2004    .bss._TextBk        oled_font.o
    0x200015e2        -       0x00000001   Zero   RW         1681    .bss.fpsMs          fun.o
    0x200015e3        -       0x00000001   Zero   RW         1682    .bss.fpsms          fun.o
    0x200015e4        -       0x000002d0   Zero   RW          146    .bss.hUsbDeviceFS   usb_device.o
    0x200018b4        -       0x00000048   Zero   RW           54    .bss.hadc1          adc.o
    0x200018fc        -       0x00000060   Zero   RW           55    .bss.hdma_adc1      adc.o
    0x2000195c        -       0x00000408   Zero   RW          271    .bss.hpcd_USB_OTG_FS  usbd_conf.o
    0x20001d64        -       0x00000058   Zero   RW           79    .bss.hspi1          spi.o
    0x20001dbc        -       0x00000048   Zero   RW           94    .bss.htim11         tim.o
    0x20001e04        -       0x00000004   Zero   RW         1674    .bss.iValue         fun.o
    0x20001e08        -       0x00000004   Zero   RW         1680    .bss.lastDraw       fun.o
    0x20001e0c        -       0x00000008   Zero   RW         1675    .bss.low_buf1_V     fun.o
    0x20001e14        -       0x00000004   Zero   RW         1679    .bss.now            fun.o
    0x20001e18        -       0x00000004   Zero   RW           30    .bss.tickstart      main.o
    0x20001e1c        -       0x00000004   Zero   RW         1676    .bss.uValue         fun.o
    0x20001e20        -       0x00000004   Zero   RW          909    .bss.uwTick         stm32f4xx_hal.o
    0x20001e24   COMPRESSED   0x00000004   PAD
    0x20001e28        -       0x00000200   Zero   RW            2    HEAP                startup_stm32f401xc.o
    0x20002028        -       0x00000400   Zero   RW            1    STACK               startup_stm32f401xc.o


==============================================================================

Image component sizes


      Code (inc. data)   RO Data    RW Data    ZI Data      Debug   Object Name

       416          0          0          0        168       6732   adc.o
        54          0          0          0          0       2840   dma.o
        80         12          0          0          4       1006   filter.o
       410         68          0          0         27       4250   fun.o
       168          0          0          0          0       2197   gpio.o
         8          0          0          0          0       1082   lcd.o
       292          0          0          0          6       3980   main.o
        52          0          0          0          0       8021   oled_basic.o
       102          0          0          0       2049       2615   oled_buffer.o
        12          0          0          1          0        933   oled_color.o
        80          0          0          0          4       4144   oled_config.o
       450          0          0          0          0      20372   oled_draw.o
       560          0          0          0          0       3223   oled_driver.o
        24          0       1280          1          1       1165   oled_font.o
       180          0          0          0         88       4973   spi.o
        64         26        404          0       1536        840   startup_stm32f401xc.o
       212          0          0          5          4       6840   stm32f4xx_hal.o
      1482          0          0          0          0      10622   stm32f4xx_hal_adc.o
         2          0          0          0          0       8934   stm32f4xx_hal_adc_ex.o
       258          0          0          0          0      10216   stm32f4xx_hal_cortex.o
       888         12          0          0          0       9217   stm32f4xx_hal_dma.o
       416          0          0          0          0       5251   stm32f4xx_hal_gpio.o
        56          0          0          0          0       1505   stm32f4xx_hal_msp.o
      2576          0          0          0          0      14958   stm32f4xx_hal_pcd.o
        90          0          0          0          0       4278   stm32f4xx_hal_pcd_ex.o
      1308          0          0          0          0       7350   stm32f4xx_hal_rcc.o
       866          0          0          0          0      21660   stm32f4xx_hal_spi.o
       810          0          0          0          0      44701   stm32f4xx_hal_tim.o
         4          0          0          0          0      19038   stm32f4xx_hal_tim_ex.o
        88          0          0          0          0       2652   stm32f4xx_it.o
      2672          0          0          0          0      22919   stm32f4xx_ll_usb.o
        18          0         16          4          0       2690   system_stm32f4xx.o
       122          0          0          0         72       6272   tim.o
       110          0          0          0        720       2979   usb_device.o
       902         12          0        267          0      10772   usbd_cdc.o
       190          0          0         20       2000       3406   usbd_cdc_if.o
       688          0          0          0       1576      15909   usbd_conf.o
       756          0          0          0          0       8176   usbd_core.o
      1356         24          0          0          1       9891   usbd_ctlreq.o
       322         72          0         76        512       3451   usbd_desc.o
       128          0          0          0          0       4587   usbd_ioreq.o

    ----------------------------------------------------------------------
     19514        226       1732        384       8776     326647   Object Totals
         0          0         32          0          0          0   (incl. Generated)
       242          0          0         10          8          0   (incl. Padding)

    ----------------------------------------------------------------------

      Code (inc. data)   RO Data    RW Data    ZI Data      Debug   Library Member Name

        90          0          0          0          0          0   __dczerorl2.o
         8          0          0          0          0         68   __main.o
       392          4         17          0          0         92   __printf_flags_ss_wp.o
        14          0          0          0          0         68   __printf_wp.o
         0          0          0          0          0          0   __rtentry.o
        12          0          0          0          0          0   __rtentry2.o
         6          0          0          0          0          0   __rtentry4.o
        52          8          0          0          0          0   __scatter.o
        28          0          0          0          0          0   __scatter_zi.o
        72          0          0          0          0         96   _c16rtomb.o
         6          0          0          0          0          0   _printf_a.o
         6          0          0          0          0          0   _printf_c.o
        44          0          0          0          0        108   _printf_char.o
        48          6          0          0          0         96   _printf_char_common.o
        40          0          0          0          0         68   _printf_charcount.o
         6          0          0          0          0          0   _printf_d.o
       120         16          0          0          0         92   _printf_dec.o
         6          0          0          0          0          0   _printf_e.o
         6          0          0          0          0          0   _printf_f.o
      1052          0          0          0          0        148   _printf_fp_dec.o
       764          8         38          0          0        100   _printf_fp_hex.o
       128         16          0          0          0         84   _printf_fp_infnan.o
         6          0          0          0          0          0   _printf_g.o
       148          4         40          0          0        160   _printf_hex_int_ll_ptr.o
         6          0          0          0          0          0   _printf_i.o
       178          0          0          0          0         88   _printf_intcommon.o
        10          0          0          0          0          0   _printf_l.o
         6          0          0          0          0          0   _printf_lc.o
        10          0          0          0          0          0   _printf_ll.o
         6          0          0          0          0          0   _printf_lld.o
         6          0          0          0          0          0   _printf_lli.o
         6          0          0          0          0          0   _printf_llo.o
         6          0          0          0          0          0   _printf_llu.o
         6          0          0          0          0          0   _printf_llx.o
       124         16          0          0          0         92   _printf_longlong_dec.o
         6          0          0          0          0          0   _printf_ls.o
         6          0          0          0          0          0   _printf_n.o
         6          0          0          0          0          0   _printf_o.o
       112          8          0          0          0        124   _printf_oct_int_ll.o
         6          0          0          0          0          0   _printf_p.o
        78          0          0          0          0        108   _printf_pad.o
         0          0          0          0          0          0   _printf_percent.o
         4          0          0          0          0          0   _printf_percent_end.o
         6          0          0          0          0          0   _printf_s.o
        82          0          0          0          0         80   _printf_str.o
        36          0          0          0          0         84   _printf_truncate.o
         6          0          0          0          0          0   _printf_u.o
        44          0          0          0          0        108   _printf_wchar.o
       188          6          8          0          0         92   _printf_wctomb.o
         6          0          0          0          0          0   _printf_x.o
        16          0          0          0          0         68   _snputc.o
        10          0          0          0          0         68   _sputc.o
       228          4        148          0          0         96   bigflt0.o
      1936        128          0          0          0        668   btod.o
        18          0          0          0          0         80   exit.o
         6          0          0          0          0        152   heapauxi.o
         0          0          0          0          0          0   indicate_semi.o
        44         10        272          0          0         76   lc_ctype_c.o
        44         10         28          0          0         76   lc_numeric_c.o
         2          0          0          0          0          0   libinit.o
        34          0          0          0          0          0   libinit2.o
         2          0          0          0          0          0   libshutdown.o
         2          0          0          0          0          0   libshutdown2.o
         8          4          0          0         96         68   libspace.o
       138          0          0          0          0         80   lludiv10.o
       240          0          0          0          0        100   lludivv7m.o
        16          4          0          0          0         76   rt_ctype_table.o
         8          4          0          0          0         68   rt_locale_intlibspace.o
        78          0          0          0          0         80   rt_memclr_w.o
         2          0          0          0          0          0   rtexit.o
        10          0          0          0          0          0   rtexit2.o
       124          0          0          0          0         88   strcmpv7em.o
        12          4          0          0          0         68   sys_exit.o
        74          0          0          0          0         80   sys_stackheap_outer.o
         2          0          0          0          0         68   use_no_semi.o
        52          4          0          0          0         80   vsnprintf.o
        98          4          0          0          0        140   d2f.o
       812         16          0          0          0        392   daddsub_clz.o
       692        140          0          0          0        264   ddiv.o
        38          0          0          0          0        116   dflt_clz.o
       340         12          0          0          0        152   dmul.o
       156          4          0          0          0        140   dnaninf.o
        12          0          0          0          0        116   dretinf.o
        86          4          0          0          0        132   f2d.o
       140          4          0          0          0        132   fnaninf.o
        26          0          0          0          0        116   fpinit.o
        10          0          0          0          0        116   fretinf.o
         4          0          0          0          0        116   printf1.o
         4          0          0          0          0        116   printf2.o
         0          0          0          0          0          0   usenofp.o
        48          0          0          0          0        124   fpclassify.o

    ----------------------------------------------------------------------
      9602        448        552          0         96       6268   Library Totals
        26          0          1          0          0          0   (incl. Padding)

    ----------------------------------------------------------------------

      Code (inc. data)   RO Data    RW Data    ZI Data      Debug   Library Name

      7110        264        551          0         96       4096   c_w.l
      2418        184          0          0          0       2048   fz_wm.l
        48          0          0          0          0        124   m_wm.l

    ----------------------------------------------------------------------
      9602        448        552          0         96       6268   Library Totals

    ----------------------------------------------------------------------

==============================================================================


      Code (inc. data)   RO Data    RW Data    ZI Data      Debug   

     29116        674       2284        384       8872     328651   Grand Totals
     29116        674       2284        200       8872     328651   ELF Image Totals (compressed)
     29116        674       2284        200          0          0   ROM Totals

==============================================================================

    Total RO  Size (Code + RO Data)                31400 (  30.66kB)
    Total RW  Size (RW Data + ZI Data)              9256 (   9.04kB)
    Total ROM Size (Code + RO Data + RW Data)      31600 (  30.86kB)

==============================================================================

